Archive member included to satisfy reference by file (symbol)

c:/imt_sdk_win_64/winarm/armgcc/bin/../lib/gcc/arm-none-eabi/7.2.1/../../../../arm-none-eabi/lib/thumb/v7e-m\libg_nano.a(lib_a-errno.o)
                              ./system/src/newlib/_sbrk.o (__errno)
c:/imt_sdk_win_64/winarm/armgcc/bin/../lib/gcc/arm-none-eabi/7.2.1/../../../../arm-none-eabi/lib/thumb/v7e-m\libg_nano.a(lib_a-impure.o)
                              c:/imt_sdk_win_64/winarm/armgcc/bin/../lib/gcc/arm-none-eabi/7.2.1/../../../../arm-none-eabi/lib/thumb/v7e-m\libg_nano.a(lib_a-errno.o) (_impure_ptr)

Allocating common symbols
Common symbol       size              file

errno               0x4               ./system/src/newlib/_syscalls.o
uwTick              0x4               ./system/src/stm32f4-hal/stm32f4xx_hal.o
pFlash              0x20              ./system/src/stm32f4-hal/stm32f4xx_hal_flash.o

Discarded input sections

 .text          0x00000000        0x0 ./system/src/stm32f4-hal/stm32f4xx_hal.o
 .data          0x00000000        0x0 ./system/src/stm32f4-hal/stm32f4xx_hal.o
 .bss           0x00000000        0x0 ./system/src/stm32f4-hal/stm32f4xx_hal.o
 .text.HAL_MspInit
                0x00000000        0x2 ./system/src/stm32f4-hal/stm32f4xx_hal.o
 .text.HAL_MspDeInit
                0x00000000        0x2 ./system/src/stm32f4-hal/stm32f4xx_hal.o
 .text.HAL_DeInit
                0x00000000       0x2c ./system/src/stm32f4-hal/stm32f4xx_hal.o
 .text.HAL_IncTick
                0x00000000       0x10 ./system/src/stm32f4-hal/stm32f4xx_hal.o
 .text.HAL_Delay
                0x00000000       0x1a ./system/src/stm32f4-hal/stm32f4xx_hal.o
 .text.HAL_SuspendTick
                0x00000000       0x10 ./system/src/stm32f4-hal/stm32f4xx_hal.o
 .text.HAL_ResumeTick
                0x00000000       0x10 ./system/src/stm32f4-hal/stm32f4xx_hal.o
 .text.HAL_GetHalVersion
                0x00000000        0x8 ./system/src/stm32f4-hal/stm32f4xx_hal.o
 .text.HAL_GetREVID
                0x00000000        0xc ./system/src/stm32f4-hal/stm32f4xx_hal.o
 .text.HAL_GetDEVID
                0x00000000       0x10 ./system/src/stm32f4-hal/stm32f4xx_hal.o
 .text.HAL_DBGMCU_EnableDBGSleepMode
                0x00000000       0x10 ./system/src/stm32f4-hal/stm32f4xx_hal.o
 .text.HAL_DBGMCU_DisableDBGSleepMode
                0x00000000       0x10 ./system/src/stm32f4-hal/stm32f4xx_hal.o
 .text.HAL_DBGMCU_EnableDBGStopMode
                0x00000000       0x10 ./system/src/stm32f4-hal/stm32f4xx_hal.o
 .text.HAL_DBGMCU_DisableDBGStopMode
                0x00000000       0x10 ./system/src/stm32f4-hal/stm32f4xx_hal.o
 .text.HAL_DBGMCU_EnableDBGStandbyMode
                0x00000000       0x10 ./system/src/stm32f4-hal/stm32f4xx_hal.o
 .text.HAL_DBGMCU_DisableDBGStandbyMode
                0x00000000       0x10 ./system/src/stm32f4-hal/stm32f4xx_hal.o
 .text.HAL_EnableCompensationCell
                0x00000000       0x18 ./system/src/stm32f4-hal/stm32f4xx_hal.o
 .text.HAL_DisableCompensationCell
                0x00000000       0x1c ./system/src/stm32f4-hal/stm32f4xx_hal.o
 .text          0x00000000        0x0 ./system/src/stm32f4-hal/stm32f4xx_hal_cortex.o
 .data          0x00000000        0x0 ./system/src/stm32f4-hal/stm32f4xx_hal_cortex.o
 .bss           0x00000000        0x0 ./system/src/stm32f4-hal/stm32f4xx_hal_cortex.o
 .text.HAL_NVIC_EnableIRQ
                0x00000000       0x18 ./system/src/stm32f4-hal/stm32f4xx_hal_cortex.o
 .text.HAL_NVIC_DisableIRQ
                0x00000000       0x1c ./system/src/stm32f4-hal/stm32f4xx_hal_cortex.o
 .text.HAL_NVIC_SystemReset
                0x00000000       0x24 ./system/src/stm32f4-hal/stm32f4xx_hal_cortex.o
 .text.HAL_MPU_ConfigRegion
                0x00000000       0x50 ./system/src/stm32f4-hal/stm32f4xx_hal_cortex.o
 .text.HAL_NVIC_GetPriorityGrouping
                0x00000000       0x10 ./system/src/stm32f4-hal/stm32f4xx_hal_cortex.o
 .text.HAL_NVIC_GetPriority
                0x00000000       0x5c ./system/src/stm32f4-hal/stm32f4xx_hal_cortex.o
 .text.HAL_NVIC_SetPendingIRQ
                0x00000000       0x1c ./system/src/stm32f4-hal/stm32f4xx_hal_cortex.o
 .text.HAL_NVIC_GetPendingIRQ
                0x00000000       0x1c ./system/src/stm32f4-hal/stm32f4xx_hal_cortex.o
 .text.HAL_NVIC_ClearPendingIRQ
                0x00000000       0x1c ./system/src/stm32f4-hal/stm32f4xx_hal_cortex.o
 .text.HAL_NVIC_GetActive
                0x00000000       0x1c ./system/src/stm32f4-hal/stm32f4xx_hal_cortex.o
 .text.HAL_SYSTICK_Callback
                0x00000000        0x2 ./system/src/stm32f4-hal/stm32f4xx_hal_cortex.o
 .text.HAL_SYSTICK_IRQHandler
                0x00000000        0x8 ./system/src/stm32f4-hal/stm32f4xx_hal_cortex.o
 .text          0x00000000        0x0 ./system/src/stm32f4-hal/stm32f4xx_hal_dfsdm.o
 .data          0x00000000        0x0 ./system/src/stm32f4-hal/stm32f4xx_hal_dfsdm.o
 .bss           0x00000000        0x0 ./system/src/stm32f4-hal/stm32f4xx_hal_dfsdm.o
 .debug_info    0x00000000      0x8bf ./system/src/stm32f4-hal/stm32f4xx_hal_dfsdm.o
 .debug_abbrev  0x00000000      0x192 ./system/src/stm32f4-hal/stm32f4xx_hal_dfsdm.o
 .debug_aranges
                0x00000000       0x18 ./system/src/stm32f4-hal/stm32f4xx_hal_dfsdm.o
 .debug_line    0x00000000      0x114 ./system/src/stm32f4-hal/stm32f4xx_hal_dfsdm.o
 .debug_str     0x00000000      0x5e4 ./system/src/stm32f4-hal/stm32f4xx_hal_dfsdm.o
 .comment       0x00000000       0x7f ./system/src/stm32f4-hal/stm32f4xx_hal_dfsdm.o
 .ARM.attributes
                0x00000000       0x33 ./system/src/stm32f4-hal/stm32f4xx_hal_dfsdm.o
 .text          0x00000000        0x0 ./system/src/stm32f4-hal/stm32f4xx_hal_flash.o
 .data          0x00000000        0x0 ./system/src/stm32f4-hal/stm32f4xx_hal_flash.o
 .bss           0x00000000        0x0 ./system/src/stm32f4-hal/stm32f4xx_hal_flash.o
 .text.FLASH_Program_Word
                0x00000000       0x24 ./system/src/stm32f4-hal/stm32f4xx_hal_flash.o
 .text.FLASH_Program_HalfWord
                0x00000000       0x24 ./system/src/stm32f4-hal/stm32f4xx_hal_flash.o
 .text.FLASH_SetErrorCode
                0x00000000       0x8c ./system/src/stm32f4-hal/stm32f4xx_hal_flash.o
 .text.HAL_FLASH_Program_IT
                0x00000000       0x90 ./system/src/stm32f4-hal/stm32f4xx_hal_flash.o
 .text.HAL_FLASH_EndOfOperationCallback
                0x00000000        0x2 ./system/src/stm32f4-hal/stm32f4xx_hal_flash.o
 .text.HAL_FLASH_OperationErrorCallback
                0x00000000        0x2 ./system/src/stm32f4-hal/stm32f4xx_hal_flash.o
 .text.HAL_FLASH_IRQHandler
                0x00000000       0xc8 ./system/src/stm32f4-hal/stm32f4xx_hal_flash.o
 .text.HAL_FLASH_Unlock
                0x00000000       0x24 ./system/src/stm32f4-hal/stm32f4xx_hal_flash.o
 .text.HAL_FLASH_Lock
                0x00000000       0x14 ./system/src/stm32f4-hal/stm32f4xx_hal_flash.o
 .text.HAL_FLASH_OB_Unlock
                0x00000000       0x24 ./system/src/stm32f4-hal/stm32f4xx_hal_flash.o
 .text.HAL_FLASH_OB_Lock
                0x00000000       0x14 ./system/src/stm32f4-hal/stm32f4xx_hal_flash.o
 .text.HAL_FLASH_GetError
                0x00000000        0xc ./system/src/stm32f4-hal/stm32f4xx_hal_flash.o
 .text.FLASH_WaitForLastOperation
                0x00000000       0x5c ./system/src/stm32f4-hal/stm32f4xx_hal_flash.o
 .text.HAL_FLASH_Program
                0x00000000       0xa8 ./system/src/stm32f4-hal/stm32f4xx_hal_flash.o
 .text.HAL_FLASH_OB_Launch
                0x00000000       0x18 ./system/src/stm32f4-hal/stm32f4xx_hal_flash.o
 .debug_info    0x00000000      0xef6 ./system/src/stm32f4-hal/stm32f4xx_hal_flash.o
 .debug_abbrev  0x00000000      0x3c5 ./system/src/stm32f4-hal/stm32f4xx_hal_flash.o
 .debug_loc     0x00000000      0x2ac ./system/src/stm32f4-hal/stm32f4xx_hal_flash.o
 .debug_aranges
                0x00000000       0x88 ./system/src/stm32f4-hal/stm32f4xx_hal_flash.o
 .debug_ranges  0x00000000       0xa8 ./system/src/stm32f4-hal/stm32f4xx_hal_flash.o
 .debug_line    0x00000000      0x3e2 ./system/src/stm32f4-hal/stm32f4xx_hal_flash.o
 .debug_str     0x00000000      0x942 ./system/src/stm32f4-hal/stm32f4xx_hal_flash.o
 .comment       0x00000000       0x7f ./system/src/stm32f4-hal/stm32f4xx_hal_flash.o
 .debug_frame   0x00000000      0x13c ./system/src/stm32f4-hal/stm32f4xx_hal_flash.o
 .ARM.attributes
                0x00000000       0x33 ./system/src/stm32f4-hal/stm32f4xx_hal_flash.o
 COMMON         0x00000000       0x20 ./system/src/stm32f4-hal/stm32f4xx_hal_flash.o
 .text          0x00000000        0x0 ./system/src/stm32f4-hal/stm32f4xx_hal_gpio.o
 .data          0x00000000        0x0 ./system/src/stm32f4-hal/stm32f4xx_hal_gpio.o
 .bss           0x00000000        0x0 ./system/src/stm32f4-hal/stm32f4xx_hal_gpio.o
 .text.HAL_GPIO_Init
                0x00000000      0x1cc ./system/src/stm32f4-hal/stm32f4xx_hal_gpio.o
 .text.HAL_GPIO_DeInit
                0x00000000      0x13c ./system/src/stm32f4-hal/stm32f4xx_hal_gpio.o
 .text.HAL_GPIO_ReadPin
                0x00000000        0xc ./system/src/stm32f4-hal/stm32f4xx_hal_gpio.o
 .text.HAL_GPIO_WritePin
                0x00000000        0xa ./system/src/stm32f4-hal/stm32f4xx_hal_gpio.o
 .text.HAL_GPIO_TogglePin
                0x00000000        0x8 ./system/src/stm32f4-hal/stm32f4xx_hal_gpio.o
 .text.HAL_GPIO_LockPin
                0x00000000       0x2a ./system/src/stm32f4-hal/stm32f4xx_hal_gpio.o
 .text.HAL_GPIO_EXTI_Callback
                0x00000000        0x2 ./system/src/stm32f4-hal/stm32f4xx_hal_gpio.o
 .text.HAL_GPIO_EXTI_IRQHandler
                0x00000000       0x18 ./system/src/stm32f4-hal/stm32f4xx_hal_gpio.o
 .debug_info    0x00000000      0xf23 ./system/src/stm32f4-hal/stm32f4xx_hal_gpio.o
 .debug_abbrev  0x00000000      0x2a2 ./system/src/stm32f4-hal/stm32f4xx_hal_gpio.o
 .debug_loc     0x00000000      0x3cd ./system/src/stm32f4-hal/stm32f4xx_hal_gpio.o
 .debug_aranges
                0x00000000       0x58 ./system/src/stm32f4-hal/stm32f4xx_hal_gpio.o
 .debug_ranges  0x00000000       0x68 ./system/src/stm32f4-hal/stm32f4xx_hal_gpio.o
 .debug_line    0x00000000      0x389 ./system/src/stm32f4-hal/stm32f4xx_hal_gpio.o
 .debug_str     0x00000000      0x8e9 ./system/src/stm32f4-hal/stm32f4xx_hal_gpio.o
 .comment       0x00000000       0x7f ./system/src/stm32f4-hal/stm32f4xx_hal_gpio.o
 .debug_frame   0x00000000       0xd8 ./system/src/stm32f4-hal/stm32f4xx_hal_gpio.o
 .ARM.attributes
                0x00000000       0x33 ./system/src/stm32f4-hal/stm32f4xx_hal_gpio.o
 .text          0x00000000        0x0 ./system/src/stm32f4-hal/stm32f4xx_hal_iwdg.o
 .data          0x00000000        0x0 ./system/src/stm32f4-hal/stm32f4xx_hal_iwdg.o
 .bss           0x00000000        0x0 ./system/src/stm32f4-hal/stm32f4xx_hal_iwdg.o
 .text.HAL_IWDG_Init
                0x00000000       0x42 ./system/src/stm32f4-hal/stm32f4xx_hal_iwdg.o
 .text.HAL_IWDG_Refresh
                0x00000000        0xc ./system/src/stm32f4-hal/stm32f4xx_hal_iwdg.o
 .debug_info    0x00000000      0xa40 ./system/src/stm32f4-hal/stm32f4xx_hal_iwdg.o
 .debug_abbrev  0x00000000      0x21e ./system/src/stm32f4-hal/stm32f4xx_hal_iwdg.o
 .debug_loc     0x00000000       0x73 ./system/src/stm32f4-hal/stm32f4xx_hal_iwdg.o
 .debug_aranges
                0x00000000       0x28 ./system/src/stm32f4-hal/stm32f4xx_hal_iwdg.o
 .debug_ranges  0x00000000       0x18 ./system/src/stm32f4-hal/stm32f4xx_hal_iwdg.o
 .debug_line    0x00000000      0x1fc ./system/src/stm32f4-hal/stm32f4xx_hal_iwdg.o
 .debug_str     0x00000000      0x6ac ./system/src/stm32f4-hal/stm32f4xx_hal_iwdg.o
 .comment       0x00000000       0x7f ./system/src/stm32f4-hal/stm32f4xx_hal_iwdg.o
 .debug_frame   0x00000000       0x3c ./system/src/stm32f4-hal/stm32f4xx_hal_iwdg.o
 .ARM.attributes
                0x00000000       0x33 ./system/src/stm32f4-hal/stm32f4xx_hal_iwdg.o
 .text          0x00000000        0x0 ./system/src/stm32f4-hal/stm32f4xx_hal_pwr.o
 .data          0x00000000        0x0 ./system/src/stm32f4-hal/stm32f4xx_hal_pwr.o
 .bss           0x00000000        0x0 ./system/src/stm32f4-hal/stm32f4xx_hal_pwr.o
 .text.HAL_PWR_DeInit
                0x00000000       0x18 ./system/src/stm32f4-hal/stm32f4xx_hal_pwr.o
 .text.HAL_PWR_EnableBkUpAccess
                0x00000000       0x1c ./system/src/stm32f4-hal/stm32f4xx_hal_pwr.o
 .text.HAL_PWR_DisableBkUpAccess
                0x00000000       0x1c ./system/src/stm32f4-hal/stm32f4xx_hal_pwr.o
 .text.HAL_PWR_ConfigPVD
                0x00000000       0x70 ./system/src/stm32f4-hal/stm32f4xx_hal_pwr.o
 .text.HAL_PWR_EnablePVD
                0x00000000       0x1a ./system/src/stm32f4-hal/stm32f4xx_hal_pwr.o
 .text.HAL_PWR_DisablePVD
                0x00000000       0x1a ./system/src/stm32f4-hal/stm32f4xx_hal_pwr.o
 .text.HAL_PWR_EnableWakeUpPin
                0x00000000       0x10 ./system/src/stm32f4-hal/stm32f4xx_hal_pwr.o
 .text.HAL_PWR_DisableWakeUpPin
                0x00000000       0x10 ./system/src/stm32f4-hal/stm32f4xx_hal_pwr.o
 .text.HAL_PWR_EnterSLEEPMode
                0x00000000       0x20 ./system/src/stm32f4-hal/stm32f4xx_hal_pwr.o
 .text.HAL_PWR_EnterSTOPMode
                0x00000000       0x38 ./system/src/stm32f4-hal/stm32f4xx_hal_pwr.o
 .text.HAL_PWR_EnterSTANDBYMode
                0x00000000       0x20 ./system/src/stm32f4-hal/stm32f4xx_hal_pwr.o
 .text.HAL_PWR_PVDCallback
                0x00000000        0x2 ./system/src/stm32f4-hal/stm32f4xx_hal_pwr.o
 .text.HAL_PWR_PVD_IRQHandler
                0x00000000       0x1c ./system/src/stm32f4-hal/stm32f4xx_hal_pwr.o
 .text.HAL_PWR_EnableSleepOnExit
                0x00000000       0x10 ./system/src/stm32f4-hal/stm32f4xx_hal_pwr.o
 .text.HAL_PWR_DisableSleepOnExit
                0x00000000       0x10 ./system/src/stm32f4-hal/stm32f4xx_hal_pwr.o
 .text.HAL_PWR_EnableSEVOnPend
                0x00000000       0x10 ./system/src/stm32f4-hal/stm32f4xx_hal_pwr.o
 .text.HAL_PWR_DisableSEVOnPend
                0x00000000       0x10 ./system/src/stm32f4-hal/stm32f4xx_hal_pwr.o
 .debug_info    0x00000000     0x106e ./system/src/stm32f4-hal/stm32f4xx_hal_pwr.o
 .debug_abbrev  0x00000000      0x2d7 ./system/src/stm32f4-hal/stm32f4xx_hal_pwr.o
 .debug_loc     0x00000000       0xd8 ./system/src/stm32f4-hal/stm32f4xx_hal_pwr.o
 .debug_aranges
                0x00000000       0xa0 ./system/src/stm32f4-hal/stm32f4xx_hal_pwr.o
 .debug_ranges  0x00000000       0x90 ./system/src/stm32f4-hal/stm32f4xx_hal_pwr.o
 .debug_line    0x00000000      0x34c ./system/src/stm32f4-hal/stm32f4xx_hal_pwr.o
 .debug_str     0x00000000      0x971 ./system/src/stm32f4-hal/stm32f4xx_hal_pwr.o
 .comment       0x00000000       0x7f ./system/src/stm32f4-hal/stm32f4xx_hal_pwr.o
 .debug_frame   0x00000000      0x128 ./system/src/stm32f4-hal/stm32f4xx_hal_pwr.o
 .ARM.attributes
                0x00000000       0x33 ./system/src/stm32f4-hal/stm32f4xx_hal_pwr.o
 .text          0x00000000        0x0 ./system/src/stm32f4-hal/stm32f4xx_hal_rcc.o
 .data          0x00000000        0x0 ./system/src/stm32f4-hal/stm32f4xx_hal_rcc.o
 .bss           0x00000000        0x0 ./system/src/stm32f4-hal/stm32f4xx_hal_rcc.o
 .text.HAL_RCC_DeInit
                0x00000000        0x2 ./system/src/stm32f4-hal/stm32f4xx_hal_rcc.o
 .text.HAL_RCC_MCOConfig
                0x00000000       0x94 ./system/src/stm32f4-hal/stm32f4xx_hal_rcc.o
 .text.HAL_RCC_EnableCSS
                0x00000000        0xc ./system/src/stm32f4-hal/stm32f4xx_hal_rcc.o
 .text.HAL_RCC_DisableCSS
                0x00000000        0xc ./system/src/stm32f4-hal/stm32f4xx_hal_rcc.o
 .text.HAL_RCC_GetPCLK1Freq
                0x00000000       0x30 ./system/src/stm32f4-hal/stm32f4xx_hal_rcc.o
 .text.HAL_RCC_GetPCLK2Freq
                0x00000000       0x30 ./system/src/stm32f4-hal/stm32f4xx_hal_rcc.o
 .text.HAL_RCC_GetOscConfig
                0x00000000       0xcc ./system/src/stm32f4-hal/stm32f4xx_hal_rcc.o
 .text.HAL_RCC_GetClockConfig
                0x00000000       0x3c ./system/src/stm32f4-hal/stm32f4xx_hal_rcc.o
 .text.HAL_RCC_CSSCallback
                0x00000000        0x2 ./system/src/stm32f4-hal/stm32f4xx_hal_rcc.o
 .text.HAL_RCC_NMI_IRQHandler
                0x00000000       0x20 ./system/src/stm32f4-hal/stm32f4xx_hal_rcc.o
 .text          0x00000000        0x0 ./system/src/newlib/_cxx.o
 .data          0x00000000        0x0 ./system/src/newlib/_cxx.o
 .bss           0x00000000        0x0 ./system/src/newlib/_cxx.o
 .text._ZN9__gnu_cxx27__verbose_terminate_handlerEv
                0x00000000        0x6 ./system/src/newlib/_cxx.o
 .text.__cxa_pure_virtual
                0x00000000        0x6 ./system/src/newlib/_cxx.o
 .debug_info    0x00000000      0xf94 ./system/src/newlib/_cxx.o
 .debug_abbrev  0x00000000      0x300 ./system/src/newlib/_cxx.o
 .debug_aranges
                0x00000000       0x20 ./system/src/newlib/_cxx.o
 .debug_ranges  0x00000000       0x10 ./system/src/newlib/_cxx.o
 .debug_line    0x00000000      0x282 ./system/src/newlib/_cxx.o
 .debug_str     0x00000000      0x828 ./system/src/newlib/_cxx.o
 .comment       0x00000000       0x7f ./system/src/newlib/_cxx.o
 .debug_frame   0x00000000       0x40 ./system/src/newlib/_cxx.o
 .ARM.attributes
                0x00000000       0x33 ./system/src/newlib/_cxx.o
 .text          0x00000000        0x0 ./system/src/newlib/_exit.o
 .data          0x00000000        0x0 ./system/src/newlib/_exit.o
 .bss           0x00000000        0x0 ./system/src/newlib/_exit.o
 .text.abort    0x00000000        0x8 ./system/src/newlib/_exit.o
 .text          0x00000000        0x0 ./system/src/newlib/_sbrk.o
 .data          0x00000000        0x0 ./system/src/newlib/_sbrk.o
 .bss           0x00000000        0x0 ./system/src/newlib/_sbrk.o
 .text._sbrk    0x00000000       0x3c ./system/src/newlib/_sbrk.o
 .bss.current_heap_end.3961
                0x00000000        0x4 ./system/src/newlib/_sbrk.o
 .debug_info    0x00000000      0x93e ./system/src/newlib/_sbrk.o
 .debug_abbrev  0x00000000      0x1f9 ./system/src/newlib/_sbrk.o
 .debug_loc     0x00000000       0x6a ./system/src/newlib/_sbrk.o
 .debug_aranges
                0x00000000       0x20 ./system/src/newlib/_sbrk.o
 .debug_ranges  0x00000000       0x10 ./system/src/newlib/_sbrk.o
 .debug_line    0x00000000      0x11f ./system/src/newlib/_sbrk.o
 .debug_str     0x00000000      0x614 ./system/src/newlib/_sbrk.o
 .comment       0x00000000       0x7f ./system/src/newlib/_sbrk.o
 .debug_frame   0x00000000       0x28 ./system/src/newlib/_sbrk.o
 .ARM.attributes
                0x00000000       0x33 ./system/src/newlib/_sbrk.o
 .text          0x00000000        0x0 ./system/src/newlib/_startup.o
 .data          0x00000000        0x0 ./system/src/newlib/_startup.o
 .bss           0x00000000        0x0 ./system/src/newlib/_startup.o
 .text.__initialize_data
                0x00000000       0x10 ./system/src/newlib/_startup.o
 .text.__initialize_bss
                0x00000000        0xe ./system/src/newlib/_startup.o
 .text.__run_init_array
                0x00000000       0x44 ./system/src/newlib/_startup.o
 .text.__run_fini_array
                0x00000000       0x24 ./system/src/newlib/_startup.o
 .text          0x00000000        0x0 ./system/src/newlib/_syscalls.o
 .data          0x00000000        0x0 ./system/src/newlib/_syscalls.o
 .bss           0x00000000        0x0 ./system/src/newlib/_syscalls.o
 .text.raise    0x00000000       0x10 ./system/src/newlib/_syscalls.o
 .text.kill     0x00000000       0x10 ./system/src/newlib/_syscalls.o
 .bss.__dso_handle
                0x00000000        0x4 ./system/src/newlib/_syscalls.o
 COMMON         0x00000000        0x4 ./system/src/newlib/_syscalls.o
 .text          0x00000000        0x0 ./system/src/newlib/assert.o
 .data          0x00000000        0x0 ./system/src/newlib/assert.o
 .bss           0x00000000        0x0 ./system/src/newlib/assert.o
 .text.__assert_func
                0x00000000        0x6 ./system/src/newlib/assert.o
 .debug_info    0x00000000      0x96b ./system/src/newlib/assert.o
 .debug_abbrev  0x00000000      0x1fe ./system/src/newlib/assert.o
 .debug_loc     0x00000000       0x84 ./system/src/newlib/assert.o
 .debug_aranges
                0x00000000       0x20 ./system/src/newlib/assert.o
 .debug_ranges  0x00000000       0x10 ./system/src/newlib/assert.o
 .debug_line    0x00000000      0x175 ./system/src/newlib/assert.o
 .debug_str     0x00000000      0x61d ./system/src/newlib/assert.o
 .comment       0x00000000       0x7f ./system/src/newlib/assert.o
 .debug_frame   0x00000000       0x28 ./system/src/newlib/assert.o
 .ARM.attributes
                0x00000000       0x33 ./system/src/newlib/assert.o
 .text          0x00000000        0x0 ./system/src/diag/Trace.o
 .data          0x00000000        0x0 ./system/src/diag/Trace.o
 .bss           0x00000000        0x0 ./system/src/diag/Trace.o
 .debug_line    0x00000000        0x0 ./system/src/diag/Trace.o
 .debug_str     0x00000000      0x130 ./system/src/diag/Trace.o
 .comment       0x00000000       0x7f ./system/src/diag/Trace.o
 .ARM.attributes
                0x00000000       0x33 ./system/src/diag/Trace.o
 .text          0x00000000        0x0 ./system/src/diag/trace_impl.o
 .data          0x00000000        0x0 ./system/src/diag/trace_impl.o
 .bss           0x00000000        0x0 ./system/src/diag/trace_impl.o
 .debug_line    0x00000000        0x0 ./system/src/diag/trace_impl.o
 .debug_str     0x00000000      0x135 ./system/src/diag/trace_impl.o
 .comment       0x00000000       0x7f ./system/src/diag/trace_impl.o
 .ARM.attributes
                0x00000000       0x33 ./system/src/diag/trace_impl.o
 .text          0x00000000        0x0 ./system/src/cortexm/_initialize_hardware.o
 .data          0x00000000        0x0 ./system/src/cortexm/_initialize_hardware.o
 .bss           0x00000000        0x0 ./system/src/cortexm/_initialize_hardware.o
 .text.__initialize_hardware
                0x00000000        0x4 ./system/src/cortexm/_initialize_hardware.o
 .text          0x00000000        0x0 ./system/src/cortexm/_reset_hardware.o
 .data          0x00000000        0x0 ./system/src/cortexm/_reset_hardware.o
 .bss           0x00000000        0x0 ./system/src/cortexm/_reset_hardware.o
 .text          0x00000000        0x0 ./system/src/cortexm/exception_handlers.o
 .data          0x00000000        0x0 ./system/src/cortexm/exception_handlers.o
 .bss           0x00000000        0x0 ./system/src/cortexm/exception_handlers.o
 .text          0x00000000        0x0 ./system/src/cmsis/system_stm32f4xx.o
 .data          0x00000000        0x0 ./system/src/cmsis/system_stm32f4xx.o
 .bss           0x00000000        0x0 ./system/src/cmsis/system_stm32f4xx.o
 .text          0x00000000        0x0 ./system/src/cmsis/vectors_stm32f407xx.o
 .data          0x00000000        0x0 ./system/src/cmsis/vectors_stm32f407xx.o
 .bss           0x00000000        0x0 ./system/src/cmsis/vectors_stm32f407xx.o
 .text          0x00000000        0x0 ./src/DIO_program.o
 .data          0x00000000        0x0 ./src/DIO_program.o
 .bss           0x00000000        0x0 ./src/DIO_program.o
 .text.MGPIO_voidSetPinValue
                0x00000000       0x14 ./src/DIO_program.o
 .text.MGPIO_u8GetPinValue
                0x00000000        0xa ./src/DIO_program.o
 .text.MGPIO_MCAL_Status_TypeDefLockGPIO
                0x00000000       0x36 ./src/DIO_program.o
 .text.MGPIO_MCAL_Status_TypeDefEnableAlternateFunction
                0x00000000       0x46 ./src/DIO_program.o
 .text.MGPIO_MCAL_Status_TypeDefResetAlternateFunction
                0x00000000       0x2e ./src/DIO_program.o
 .text          0x00000000        0x0 ./src/NVIC_program.o
 .data          0x00000000        0x0 ./src/NVIC_program.o
 .bss           0x00000000        0x0 ./src/NVIC_program.o
 .text.MNVIC_void_Init
                0x00000000        0x2 ./src/NVIC_program.o
 .text.MNVIC_void_SetPriorityGrouping
                0x00000000        0x2 ./src/NVIC_program.o
 .text.MNVIC_void_DisableIRQ
                0x00000000       0x26 ./src/NVIC_program.o
 .text.MNVIC_u32_GetPendingIRQ
                0x00000000       0x20 ./src/NVIC_program.o
 .text.MNVIC_void_SetPendingIRQ
                0x00000000       0x26 ./src/NVIC_program.o
 .text.MNVIC_void_ClearPendingIRQ
                0x00000000       0x26 ./src/NVIC_program.o
 .text.MNVIC_u32_GetActive
                0x00000000       0x20 ./src/NVIC_program.o
 .text.MNVIC_void_SetPriority
                0x00000000        0x2 ./src/NVIC_program.o
 .text.MNVIC_u32_GetPriority
                0x00000000        0x2 ./src/NVIC_program.o
 .text.MNVIC_void_SystemReset
                0x00000000        0x2 ./src/NVIC_program.o
 .text          0x00000000        0x0 ./src/RCC_program.o
 .data          0x00000000        0x0 ./src/RCC_program.o
 .bss           0x00000000        0x0 ./src/RCC_program.o
 .text.MRCC_u8DisablePeripheralClock
                0x00000000       0x50 ./src/RCC_program.o
 .text.MRCC_u8EnableMCO1
                0x00000000       0x60 ./src/RCC_program.o
 .text.MRCC_u8EnableMCO2
                0x00000000       0x60 ./src/RCC_program.o
 .text.MRCC_u8DisableMCO1
                0x00000000        0x2 ./src/RCC_program.o
 .text.MRCC_u8DisableMCO2
                0x00000000        0x4 ./src/RCC_program.o
 .text          0x00000000        0x0 ./src/SCB_program.o
 .data          0x00000000        0x0 ./src/SCB_program.o
 .bss           0x00000000        0x0 ./src/SCB_program.o
 .text.MSCB_void_SetGrouping
                0x00000000        0xc ./src/SCB_program.o
 .debug_info    0x00000000      0x158 ./src/SCB_program.o
 .debug_abbrev  0x00000000       0xa4 ./src/SCB_program.o
 .debug_aranges
                0x00000000       0x20 ./src/SCB_program.o
 .debug_ranges  0x00000000       0x10 ./src/SCB_program.o
 .debug_line    0x00000000       0x71 ./src/SCB_program.o
 .debug_str     0x00000000      0x1e4 ./src/SCB_program.o
 .comment       0x00000000       0x7f ./src/SCB_program.o
 .debug_frame   0x00000000       0x20 ./src/SCB_program.o
 .ARM.attributes
                0x00000000       0x33 ./src/SCB_program.o
 .text          0x00000000        0x0 ./src/_initialize_hardware.o
 .data          0x00000000        0x0 ./src/_initialize_hardware.o
 .bss           0x00000000        0x0 ./src/_initialize_hardware.o
 .text          0x00000000        0x0 ./src/_write.o
 .data          0x00000000        0x0 ./src/_write.o
 .bss           0x00000000        0x0 ./src/_write.o
 .debug_line    0x00000000        0x0 ./src/_write.o
 .debug_str     0x00000000      0x125 ./src/_write.o
 .comment       0x00000000       0x7f ./src/_write.o
 .ARM.attributes
                0x00000000       0x33 ./src/_write.o
 .text          0x00000000        0x0 ./src/main.o
 .data          0x00000000        0x0 ./src/main.o
 .bss           0x00000000        0x0 ./src/main.o
 .text          0x00000000        0x0 ./src/stm32f4xx_hal_msp.o
 .data          0x00000000        0x0 ./src/stm32f4xx_hal_msp.o
 .bss           0x00000000        0x0 ./src/stm32f4xx_hal_msp.o
 .text.HAL_MspDeInit
                0x00000000        0x2 ./src/stm32f4xx_hal_msp.o
 .text.HAL_PPP_MspInit
                0x00000000        0x2 ./src/stm32f4xx_hal_msp.o
 .text.HAL_PPP_MspDeInit
                0x00000000        0x2 ./src/stm32f4xx_hal_msp.o
 .text          0x00000000        0x0 c:/imt_sdk_win_64/winarm/armgcc/bin/../lib/gcc/arm-none-eabi/7.2.1/../../../../arm-none-eabi/lib/thumb/v7e-m\libg_nano.a(lib_a-errno.o)
 .data          0x00000000        0x0 c:/imt_sdk_win_64/winarm/armgcc/bin/../lib/gcc/arm-none-eabi/7.2.1/../../../../arm-none-eabi/lib/thumb/v7e-m\libg_nano.a(lib_a-errno.o)
 .bss           0x00000000        0x0 c:/imt_sdk_win_64/winarm/armgcc/bin/../lib/gcc/arm-none-eabi/7.2.1/../../../../arm-none-eabi/lib/thumb/v7e-m\libg_nano.a(lib_a-errno.o)
 .text.__errno  0x00000000        0xc c:/imt_sdk_win_64/winarm/armgcc/bin/../lib/gcc/arm-none-eabi/7.2.1/../../../../arm-none-eabi/lib/thumb/v7e-m\libg_nano.a(lib_a-errno.o)
 .debug_frame   0x00000000       0x20 c:/imt_sdk_win_64/winarm/armgcc/bin/../lib/gcc/arm-none-eabi/7.2.1/../../../../arm-none-eabi/lib/thumb/v7e-m\libg_nano.a(lib_a-errno.o)
 .ARM.attributes
                0x00000000       0x2e c:/imt_sdk_win_64/winarm/armgcc/bin/../lib/gcc/arm-none-eabi/7.2.1/../../../../arm-none-eabi/lib/thumb/v7e-m\libg_nano.a(lib_a-errno.o)
 .text          0x00000000        0x0 c:/imt_sdk_win_64/winarm/armgcc/bin/../lib/gcc/arm-none-eabi/7.2.1/../../../../arm-none-eabi/lib/thumb/v7e-m\libg_nano.a(lib_a-impure.o)
 .data          0x00000000        0x0 c:/imt_sdk_win_64/winarm/armgcc/bin/../lib/gcc/arm-none-eabi/7.2.1/../../../../arm-none-eabi/lib/thumb/v7e-m\libg_nano.a(lib_a-impure.o)
 .bss           0x00000000        0x0 c:/imt_sdk_win_64/winarm/armgcc/bin/../lib/gcc/arm-none-eabi/7.2.1/../../../../arm-none-eabi/lib/thumb/v7e-m\libg_nano.a(lib_a-impure.o)
 .data._impure_ptr
                0x00000000        0x4 c:/imt_sdk_win_64/winarm/armgcc/bin/../lib/gcc/arm-none-eabi/7.2.1/../../../../arm-none-eabi/lib/thumb/v7e-m\libg_nano.a(lib_a-impure.o)
 .data.impure_data
                0x00000000       0x60 c:/imt_sdk_win_64/winarm/armgcc/bin/../lib/gcc/arm-none-eabi/7.2.1/../../../../arm-none-eabi/lib/thumb/v7e-m\libg_nano.a(lib_a-impure.o)
 .rodata._global_impure_ptr
                0x00000000        0x4 c:/imt_sdk_win_64/winarm/armgcc/bin/../lib/gcc/arm-none-eabi/7.2.1/../../../../arm-none-eabi/lib/thumb/v7e-m\libg_nano.a(lib_a-impure.o)
 .ARM.attributes
                0x00000000       0x2e c:/imt_sdk_win_64/winarm/armgcc/bin/../lib/gcc/arm-none-eabi/7.2.1/../../../../arm-none-eabi/lib/thumb/v7e-m\libg_nano.a(lib_a-impure.o)

Memory Configuration

Name             Origin             Length             Attributes
RAM              0x20000000         0x00020000         xrw
CCMRAM           0x10000000         0x00010000         xrw
FLASH            0x08000000         0x00100000         xr
FLASHB1          0x00000000         0x00000000         xr
EXTMEMB0         0x00000000         0x00000000         xr
EXTMEMB1         0x00000000         0x00000000         xr
EXTMEMB2         0x00000000         0x00000000         xr
EXTMEMB3         0x00000000         0x00000000         xr
MEMORY_ARRAY     0x20002000         0x00000020         xrw
*default*        0x00000000         0xffffffff

Linker script and memory map

LOAD ./system/src/stm32f4-hal/stm32f4xx_hal.o
LOAD ./system/src/stm32f4-hal/stm32f4xx_hal_cortex.o
LOAD ./system/src/stm32f4-hal/stm32f4xx_hal_dfsdm.o
LOAD ./system/src/stm32f4-hal/stm32f4xx_hal_flash.o
LOAD ./system/src/stm32f4-hal/stm32f4xx_hal_gpio.o
LOAD ./system/src/stm32f4-hal/stm32f4xx_hal_iwdg.o
LOAD ./system/src/stm32f4-hal/stm32f4xx_hal_pwr.o
LOAD ./system/src/stm32f4-hal/stm32f4xx_hal_rcc.o
LOAD ./system/src/newlib/_cxx.o
LOAD ./system/src/newlib/_exit.o
LOAD ./system/src/newlib/_sbrk.o
LOAD ./system/src/newlib/_startup.o
LOAD ./system/src/newlib/_syscalls.o
LOAD ./system/src/newlib/assert.o
LOAD ./system/src/diag/Trace.o
LOAD ./system/src/diag/trace_impl.o
LOAD ./system/src/cortexm/_initialize_hardware.o
LOAD ./system/src/cortexm/_reset_hardware.o
LOAD ./system/src/cortexm/exception_handlers.o
LOAD ./system/src/cmsis/system_stm32f4xx.o
LOAD ./system/src/cmsis/vectors_stm32f407xx.o
LOAD ./src/DIO_program.o
LOAD ./src/NVIC_program.o
LOAD ./src/RCC_program.o
LOAD ./src/SCB_program.o
LOAD ./src/_initialize_hardware.o
LOAD ./src/_write.o
LOAD ./src/main.o
LOAD ./src/stm32f4xx_hal_msp.o
LOAD c:/imt_sdk_win_64/winarm/armgcc/bin/../lib/gcc/arm-none-eabi/7.2.1/../../../../arm-none-eabi/lib/thumb/v7e-m\libstdc++_nano.a
LOAD c:/imt_sdk_win_64/winarm/armgcc/bin/../lib/gcc/arm-none-eabi/7.2.1/../../../../arm-none-eabi/lib/thumb/v7e-m\libm.a
START GROUP
LOAD c:/imt_sdk_win_64/winarm/armgcc/bin/../lib/gcc/arm-none-eabi/7.2.1/thumb/v7e-m\libgcc.a
LOAD c:/imt_sdk_win_64/winarm/armgcc/bin/../lib/gcc/arm-none-eabi/7.2.1/../../../../arm-none-eabi/lib/thumb/v7e-m\libg_nano.a
LOAD c:/imt_sdk_win_64/winarm/armgcc/bin/../lib/gcc/arm-none-eabi/7.2.1/../../../../arm-none-eabi/lib/thumb/v7e-m\libc_nano.a
END GROUP
START GROUP
LOAD c:/imt_sdk_win_64/winarm/armgcc/bin/../lib/gcc/arm-none-eabi/7.2.1/thumb/v7e-m\libgcc.a
LOAD c:/imt_sdk_win_64/winarm/armgcc/bin/../lib/gcc/arm-none-eabi/7.2.1/../../../../arm-none-eabi/lib/thumb/v7e-m\libc_nano.a
END GROUP
                0x20020000                __stack = (ORIGIN (RAM) + LENGTH (RAM))
                0x20020000                _estack = __stack
                0x00000400                __Main_Stack_Size = 0x400
                [!provide]                PROVIDE (_Main_Stack_Size, __Main_Stack_Size)
                0x2001fc00                __Main_Stack_Limit = (__stack - __Main_Stack_Size)
                [!provide]                PROVIDE (_Main_Stack_Limit, __Main_Stack_Limit)
                0x00000100                _Minimum_Stack_Size = 0x100
                0x20000014                PROVIDE (_Heap_Begin, _end_noinit)
                0x2001fc00                PROVIDE (_Heap_Limit, (__stack - __Main_Stack_Size))

.isr_vector     0x08000000      0x2ba
 FILL mask 0xff
                0x08000000                __vectors_start = ABSOLUTE (.)
                0x08000000                __vectors_start__ = ABSOLUTE (.)
 *(.isr_vector)
 .isr_vector    0x08000000      0x188 ./system/src/cmsis/vectors_stm32f407xx.o
                0x08000000                __isr_vectors
 *(.cfmconfig)
 *(.after_vectors .after_vectors.*)
 .after_vectors
                0x08000188       0xcc ./system/src/newlib/_startup.o
                0x08000188                _start
 .after_vectors
                0x08000254       0x64 ./system/src/cortexm/exception_handlers.o
                0x08000254                Reset_Handler
                0x08000258                NMI_Handler
                0x0800025a                HardFault_Handler
                0x0800026e                HardFault_Handler_C
                0x08000270                MemManage_Handler
                0x08000272                BusFault_Handler
                0x08000286                BusFault_Handler_C
                0x08000288                UsageFault_Handler
                0x0800029c                UsageFault_Handler_C
                0x0800029e                SVC_Handler
                0x080002a0                DebugMon_Handler
                0x080002a2                PendSV_Handler
                0x080002a4                SysTick_Handler
 .after_vectors
                0x080002b8        0x2 ./system/src/cmsis/vectors_stm32f407xx.o
                0x080002b8                RTC_Alarm_IRQHandler
                0x080002b8                HASH_RNG_IRQHandler
                0x080002b8                EXTI2_IRQHandler
                0x080002b8                TIM8_CC_IRQHandler
                0x080002b8                TIM1_CC_IRQHandler
                0x080002b8                DMA2_Stream5_IRQHandler
                0x080002b8                DMA1_Stream5_IRQHandler
                0x080002b8                PVD_IRQHandler
                0x080002b8                SDIO_IRQHandler
                0x080002b8                TAMP_STAMP_IRQHandler
                0x080002b8                CAN2_RX1_IRQHandler
                0x080002b8                EXTI3_IRQHandler
                0x080002b8                TIM8_TRG_COM_TIM14_IRQHandler
                0x080002b8                TIM1_UP_TIM10_IRQHandler
                0x080002b8                TIM8_UP_TIM13_IRQHandler
                0x080002b8                I2C3_ER_IRQHandler
                0x080002b8                EXTI0_IRQHandler
                0x080002b8                I2C2_EV_IRQHandler
                0x080002b8                DMA1_Stream2_IRQHandler
                0x080002b8                CAN1_RX0_IRQHandler
                0x080002b8                FPU_IRQHandler
                0x080002b8                OTG_HS_WKUP_IRQHandler
                0x080002b8                CAN2_SCE_IRQHandler
                0x080002b8                DMA2_Stream2_IRQHandler
                0x080002b8                SPI1_IRQHandler
                0x080002b8                TIM6_DAC_IRQHandler
                0x080002b8                TIM1_BRK_TIM9_IRQHandler
                0x080002b8                DCMI_IRQHandler
                0x080002b8                CAN2_RX0_IRQHandler
                0x080002b8                DMA2_Stream3_IRQHandler
                0x080002b8                USART6_IRQHandler
                0x080002b8                USART3_IRQHandler
                0x080002b8                CAN1_RX1_IRQHandler
                0x080002b8                UART5_IRQHandler
                0x080002b8                DMA2_Stream0_IRQHandler
                0x080002b8                TIM4_IRQHandler
                0x080002b8                I2C1_EV_IRQHandler
                0x080002b8                DMA1_Stream6_IRQHandler
                0x080002b8                DMA1_Stream1_IRQHandler
                0x080002b8                UART4_IRQHandler
                0x080002b8                TIM3_IRQHandler
                0x080002b8                RCC_IRQHandler
                0x080002b8                TIM8_BRK_TIM12_IRQHandler
                0x080002b8                Default_Handler
                0x080002b8                EXTI15_10_IRQHandler
                0x080002b8                ADC_IRQHandler
                0x080002b8                DMA1_Stream7_IRQHandler
                0x080002b8                TIM7_IRQHandler
                0x080002b8                CAN2_TX_IRQHandler
                0x080002b8                TIM5_IRQHandler
                0x080002b8                DMA2_Stream7_IRQHandler
                0x080002b8                I2C3_EV_IRQHandler
                0x080002b8                EXTI9_5_IRQHandler
                0x080002b8                RTC_WKUP_IRQHandler
                0x080002b8                ETH_WKUP_IRQHandler
                0x080002b8                SPI2_IRQHandler
                0x080002b8                OTG_HS_EP1_IN_IRQHandler
                0x080002b8                DMA1_Stream0_IRQHandler
                0x080002b8                CAN1_TX_IRQHandler
                0x080002b8                EXTI4_IRQHandler
                0x080002b8                ETH_IRQHandler
                0x080002b8                OTG_HS_EP1_OUT_IRQHandler
                0x080002b8                WWDG_IRQHandler
                0x080002b8                TIM2_IRQHandler
                0x080002b8                OTG_FS_WKUP_IRQHandler
                0x080002b8                TIM1_TRG_COM_TIM11_IRQHandler
                0x080002b8                OTG_HS_IRQHandler
                0x080002b8                EXTI1_IRQHandler
                0x080002b8                USART2_IRQHandler
                0x080002b8                I2C2_ER_IRQHandler
                0x080002b8                DMA2_Stream1_IRQHandler
                0x080002b8                CAN1_SCE_IRQHandler
                0x080002b8                FLASH_IRQHandler
                0x080002b8                DMA2_Stream4_IRQHandler
                0x080002b8                USART1_IRQHandler
                0x080002b8                OTG_FS_IRQHandler
                0x080002b8                SPI3_IRQHandler
                0x080002b8                DMA1_Stream4_IRQHandler
                0x080002b8                I2C1_ER_IRQHandler
                0x080002b8                FMC_IRQHandler
                0x080002b8                DMA2_Stream6_IRQHandler
                0x080002b8                DMA1_Stream3_IRQHandler

.inits          0x080002bc       0x28
                0x080002bc                __data_regions_array_start = .
                0x080002bc        0x4 LONG 0x8000d1c LOADADDR (.data)
                0x080002c0        0x4 LONG 0x20000000 ADDR (.data)
                0x080002c4        0x4 LONG 0x2000000c (ADDR (.data) + SIZEOF (.data))
                0x080002c8        0x4 LONG 0x8000d1c LOADADDR (.data_CCMRAM)
                0x080002cc        0x4 LONG 0x10000000 ADDR (.data_CCMRAM)
                0x080002d0        0x4 LONG 0x10000000 (ADDR (.data_CCMRAM) + SIZEOF (.data_CCMRAM))
                0x080002d4                __data_regions_array_end = .
                0x080002d4                __bss_regions_array_start = .
                0x080002d4        0x4 LONG 0x2000000c ADDR (.bss)
                0x080002d8        0x4 LONG 0x20000014 (ADDR (.bss) + SIZEOF (.bss))
                0x080002dc        0x4 LONG 0x10000000 ADDR (.bss_CCMRAM)
                0x080002e0        0x4 LONG 0x10000000 (ADDR (.bss_CCMRAM) + SIZEOF (.bss_CCMRAM))
                0x080002e4                __bss_regions_array_end = .
 *(.init)
 *(.fini)
                0x080002e4                . = ALIGN (0x4)
                0x080002e4                PROVIDE (__preinit_array_start, .)
 *(.preinit_array_sysinit .preinit_array_sysinit.*)
 *(.preinit_array_platform .preinit_array_platform.*)
 *(.preinit_array .preinit_array.*)
                0x080002e4                PROVIDE (__preinit_array_end, .)
                0x080002e4                . = ALIGN (0x4)
                0x080002e4                PROVIDE (__init_array_start, .)
 *(SORT_BY_NAME(.init_array.*))
 *(.init_array)
                0x080002e4                PROVIDE (__init_array_end, .)
                0x080002e4                . = ALIGN (0x4)
                0x080002e4                PROVIDE (__fini_array_start, .)
 *(SORT_BY_NAME(.fini_array.*))
 *(.fini_array)
                0x080002e4                PROVIDE (__fini_array_end, .)

.flashtext
 *(.flashtext .flashtext.*)

.text           0x080002e4      0xa36
 *(.text .text.*)
 .text.HAL_InitTick
                0x080002e4       0x28 ./system/src/stm32f4-hal/stm32f4xx_hal.o
                0x080002e4                HAL_InitTick
 .text.HAL_Init
                0x0800030c       0x34 ./system/src/stm32f4-hal/stm32f4xx_hal.o
                0x0800030c                HAL_Init
 .text.HAL_GetTick
                0x08000340        0xc ./system/src/stm32f4-hal/stm32f4xx_hal.o
                0x08000340                HAL_GetTick
 .text.HAL_NVIC_SetPriorityGrouping
                0x0800034c       0x24 ./system/src/stm32f4-hal/stm32f4xx_hal_cortex.o
                0x0800034c                HAL_NVIC_SetPriorityGrouping
 .text.HAL_NVIC_SetPriority
                0x08000370       0x68 ./system/src/stm32f4-hal/stm32f4xx_hal_cortex.o
                0x08000370                HAL_NVIC_SetPriority
 .text.HAL_SYSTICK_Config
                0x080003d8       0x2c ./system/src/stm32f4-hal/stm32f4xx_hal_cortex.o
                0x080003d8                HAL_SYSTICK_Config
 .text.HAL_SYSTICK_CLKSourceConfig
                0x08000404       0x18 ./system/src/stm32f4-hal/stm32f4xx_hal_cortex.o
                0x08000404                HAL_SYSTICK_CLKSourceConfig
 .text.HAL_RCC_OscConfig
                0x0800041c      0x2d8 ./system/src/stm32f4-hal/stm32f4xx_hal_rcc.o
                0x0800041c                HAL_RCC_OscConfig
 .text.HAL_RCC_GetSysClockFreq
                0x080006f4       0x74 ./system/src/stm32f4-hal/stm32f4xx_hal_rcc.o
                0x080006f4                HAL_RCC_GetSysClockFreq
 .text.HAL_RCC_ClockConfig
                0x08000768      0x168 ./system/src/stm32f4-hal/stm32f4xx_hal_rcc.o
                0x08000768                HAL_RCC_ClockConfig
 .text.HAL_RCC_GetHCLKFreq
                0x080008d0        0xc ./system/src/stm32f4-hal/stm32f4xx_hal_rcc.o
                0x080008d0                HAL_RCC_GetHCLKFreq
 .text._exit    0x080008dc        0x6 ./system/src/newlib/_exit.o
                0x080008dc                _exit
 *fill*         0x080008e2        0x2 
 .text.__initialize_args
                0x080008e4       0x10 ./system/src/newlib/_syscalls.o
                0x080008e4                __initialize_args
 .text.__initialize_hardware_early
                0x080008f4       0x18 ./system/src/cortexm/_initialize_hardware.o
                0x080008f4                __initialize_hardware_early
 .text.__reset_hardware
                0x0800090c       0x24 ./system/src/cortexm/_reset_hardware.o
                0x0800090c                __reset_hardware
 .text.SystemInit
                0x08000930       0x40 ./system/src/cmsis/system_stm32f4xx.o
                0x08000930                SystemInit
 .text.SystemCoreClockUpdate
                0x08000970       0x74 ./system/src/cmsis/system_stm32f4xx.o
                0x08000970                SystemCoreClockUpdate
 .text.MGPIO_voidSetPinMode
                0x080009e4      0x118 ./src/DIO_program.o
                0x080009e4                MGPIO_voidSetPinMode
 .text.MGPIO_voidTogPinValue
                0x08000afc       0x14 ./src/DIO_program.o
                0x08000afc                MGPIO_voidTogPinValue
 .text.MNVIC_void_EnableIRQ
                0x08000b10       0x22 ./src/NVIC_program.o
                0x08000b10                MNVIC_void_EnableIRQ
 *fill*         0x08000b32        0x2 
 .text.MRCC_voidInitSystemClock
                0x08000b34       0x1c ./src/RCC_program.o
                0x08000b34                MRCC_voidInitSystemClock
 .text.MRCC_u8EnablePeripheralClock
                0x08000b50       0x50 ./src/RCC_program.o
                0x08000b50                MRCC_u8EnablePeripheralClock
 .text.SystemClock_Config
                0x08000ba0       0x98 ./src/_initialize_hardware.o
                0x08000ba0                SystemClock_Config
 .text.__initialize_hardware
                0x08000c38       0x12 ./src/_initialize_hardware.o
                0x08000c38                __initialize_hardware
 .text.Delay    0x08000c4a       0x16 ./src/main.o
                0x08000c4a                Delay
 .text.startup.main
                0x08000c60       0x98 ./src/main.o
                0x08000c60                main
 .text.HAL_MspInit
                0x08000cf8        0x2 ./src/stm32f4xx_hal_msp.o
                0x08000cf8                HAL_MspInit
 *(.rodata .rodata.* .constdata .constdata.*)
 .rodata.APBAHBPrescTable
                0x08000cfa       0x10 ./system/src/stm32f4-hal/stm32f4xx_hal_rcc.o
                0x08000cfa                APBAHBPrescTable
 .rodata.AHBPrescTable
                0x08000d0a       0x10 ./system/src/cmsis/system_stm32f4xx.o
                0x08000d0a                AHBPrescTable
 *(vtable)
 *(.eh_frame*)
 *(.glue_7)
 .glue_7        0x08000d1a        0x0 linker stubs
 *(.glue_7t)
 .glue_7t       0x08000d1a        0x0 linker stubs

.vfp11_veneer   0x08000d1c        0x0
 .vfp11_veneer  0x08000d1c        0x0 linker stubs

.v4_bx          0x08000d1c        0x0
 .v4_bx         0x08000d1c        0x0 linker stubs

.iplt           0x08000d1c        0x0
 .iplt          0x08000d1c        0x0 ./system/src/stm32f4-hal/stm32f4xx_hal.o

.rel.dyn        0x08000d1c        0x0
 .rel.iplt      0x08000d1c        0x0 ./system/src/stm32f4-hal/stm32f4xx_hal.o

.ARM.extab
 *(.ARM.extab* .gnu.linkonce.armextab.*)
                0x08000d1c                . = ALIGN (0x4)
                0x08000d1c                __exidx_start = .

.ARM.exidx
 *(.ARM.exidx* .gnu.linkonce.armexidx.*)
                0x08000d1c                __exidx_end = .
                0x08000d1c                . = ALIGN (0x4)
                0x08000d1c                _etext = .
                0x08000d1c                __etext = .

.data_CCMRAM    0x10000000        0x0 load address 0x08000d1c
 FILL mask 0xff
 *(.data.CCMRAM .data.CCMRAM.*)
                0x10000000                . = ALIGN (0x4)
                0x08000d1c                _sidata = LOADADDR (.data)

.data           0x20000000        0xc load address 0x08000d1c
 FILL mask 0xff
                0x20000000                _sdata = .
                0x20000000                __data_start__ = .
 *(.data_begin .data_begin.*)
 *(.data .data.*)
 .data.argv.4310
                0x20000000        0x8 ./system/src/newlib/_syscalls.o
 .data.SystemCoreClock
                0x20000008        0x4 ./system/src/cmsis/system_stm32f4xx.o
                0x20000008                SystemCoreClock
 *(.data_end .data_end.*)
                0x2000000c                . = ALIGN (0x4)
                0x2000000c                _edata = .
                0x2000000c                __data_end__ = .

.igot.plt       0x2000000c        0x0 load address 0x08000d28
 .igot.plt      0x2000000c        0x0 ./system/src/stm32f4-hal/stm32f4xx_hal.o

.bss_CCMRAM     0x10000000        0x0
 *(.bss.CCMRAM .bss.CCMRAM.*)

.bss            0x2000000c        0x8
                0x2000000c                __bss_start__ = .
                0x2000000c                _sbss = .
 *(.bss_begin .bss_begin.*)
 *(.bss .bss.*)
 .bss.name.4309
                0x2000000c        0x1 ./system/src/newlib/_syscalls.o
 *(COMMON)
 *fill*         0x2000000d        0x3 
 COMMON         0x20000010        0x4 ./system/src/stm32f4-hal/stm32f4xx_hal.o
                0x20000010                uwTick
 *(.bss_end .bss_end.*)
                0x20000014                . = ALIGN (0x4)
                0x20000014                __bss_end__ = .
                0x20000014                _ebss = .

.noinit_CCMRAM
 *(.noinit.CCMRAM .noinit.CCMRAM.*)

.noinit         0x20000014        0x0
                0x20000014                _noinit = .
 *(.noinit .noinit.*)
                0x20000014                . = ALIGN (0x4)
                0x20000014                _end_noinit = .
                [!provide]                PROVIDE (end, _end_noinit)
                [!provide]                PROVIDE (_end, _end_noinit)
                [!provide]                PROVIDE (__end, _end_noinit)
                [!provide]                PROVIDE (__end__, _end_noinit)

._check_stack   0x20000014      0x100
                0x20000114                . = (. + _Minimum_Stack_Size)
 *fill*         0x20000014      0x100 

.b1text
 *(.b1text)
 *(.b1rodata)
 *(.b1rodata.*)

.eb0text
 *(.eb0text)
 *(.eb0rodata)
 *(.eb0rodata.*)

.eb1text
 *(.eb1text)
 *(.eb1rodata)
 *(.eb1rodata.*)

.eb2text
 *(.eb2text)
 *(.eb2rodata)
 *(.eb2rodata.*)

.eb3text
 *(.eb3text)
 *(.eb3rodata)
 *(.eb3rodata.*)

.stab
 *(.stab)

.stabstr
 *(.stabstr)

.stab.excl
 *(.stab.excl)

.stab.exclstr
 *(.stab.exclstr)

.stab.index
 *(.stab.index)

.stab.indexstr
 *(.stab.indexstr)

.comment        0x00000000       0x7e
 *(.comment)
 .comment       0x00000000       0x7e ./system/src/stm32f4-hal/stm32f4xx_hal.o
                                 0x7f (size before relaxing)
 .comment       0x0000007e       0x7f ./system/src/stm32f4-hal/stm32f4xx_hal_cortex.o
 .comment       0x0000007e       0x7f ./system/src/stm32f4-hal/stm32f4xx_hal_rcc.o
 .comment       0x0000007e       0x7f ./system/src/newlib/_exit.o
 .comment       0x0000007e       0x7f ./system/src/newlib/_startup.o
 .comment       0x0000007e       0x7f ./system/src/newlib/_syscalls.o
 .comment       0x0000007e       0x7f ./system/src/cortexm/_initialize_hardware.o
 .comment       0x0000007e       0x7f ./system/src/cortexm/_reset_hardware.o
 .comment       0x0000007e       0x7f ./system/src/cortexm/exception_handlers.o
 .comment       0x0000007e       0x7f ./system/src/cmsis/system_stm32f4xx.o
 .comment       0x0000007e       0x7f ./system/src/cmsis/vectors_stm32f407xx.o
 .comment       0x0000007e       0x7f ./src/DIO_program.o
 .comment       0x0000007e       0x7f ./src/NVIC_program.o
 .comment       0x0000007e       0x7f ./src/RCC_program.o
 .comment       0x0000007e       0x7f ./src/_initialize_hardware.o
 .comment       0x0000007e       0x7f ./src/main.o
 .comment       0x0000007e       0x7f ./src/stm32f4xx_hal_msp.o

.ARM.attributes
                0x00000000       0x33
 .ARM.attributes
                0x00000000       0x33 ./system/src/stm32f4-hal/stm32f4xx_hal.o
 .ARM.attributes
                0x00000033       0x33 ./system/src/stm32f4-hal/stm32f4xx_hal_cortex.o
 .ARM.attributes
                0x00000066       0x33 ./system/src/stm32f4-hal/stm32f4xx_hal_rcc.o
 .ARM.attributes
                0x00000099       0x33 ./system/src/newlib/_exit.o
 .ARM.attributes
                0x000000cc       0x33 ./system/src/newlib/_startup.o
 .ARM.attributes
                0x000000ff       0x33 ./system/src/newlib/_syscalls.o
 .ARM.attributes
                0x00000132       0x33 ./system/src/cortexm/_initialize_hardware.o
 .ARM.attributes
                0x00000165       0x33 ./system/src/cortexm/_reset_hardware.o
 .ARM.attributes
                0x00000198       0x33 ./system/src/cortexm/exception_handlers.o
 .ARM.attributes
                0x000001cb       0x33 ./system/src/cmsis/system_stm32f4xx.o
 .ARM.attributes
                0x000001fe       0x33 ./system/src/cmsis/vectors_stm32f407xx.o
 .ARM.attributes
                0x00000231       0x33 ./src/DIO_program.o
 .ARM.attributes
                0x00000264       0x33 ./src/NVIC_program.o
 .ARM.attributes
                0x00000297       0x33 ./src/RCC_program.o
 .ARM.attributes
                0x000002ca       0x33 ./src/_initialize_hardware.o
 .ARM.attributes
                0x000002fd       0x33 ./src/main.o
 .ARM.attributes
                0x00000330       0x33 ./src/stm32f4xx_hal_msp.o

.debug
 *(.debug)

.line
 *(.line)

.debug_srcinfo
 *(.debug_srcinfo)

.debug_sfnames
 *(.debug_sfnames)

.debug_aranges  0x00000000      0x4e8
 *(.debug_aranges)
 .debug_aranges
                0x00000000       0xb8 ./system/src/stm32f4-hal/stm32f4xx_hal.o
 .debug_aranges
                0x000000b8       0x98 ./system/src/stm32f4-hal/stm32f4xx_hal_cortex.o
 .debug_aranges
                0x00000150       0x80 ./system/src/stm32f4-hal/stm32f4xx_hal_rcc.o
 .debug_aranges
                0x000001d0       0x28 ./system/src/newlib/_exit.o
 .debug_aranges
                0x000001f8       0x40 ./system/src/newlib/_startup.o
 .debug_aranges
                0x00000238       0x30 ./system/src/newlib/_syscalls.o
 .debug_aranges
                0x00000268       0x28 ./system/src/cortexm/_initialize_hardware.o
 .debug_aranges
                0x00000290       0x20 ./system/src/cortexm/_reset_hardware.o
 .debug_aranges
                0x000002b0       0x80 ./system/src/cortexm/exception_handlers.o
 .debug_aranges
                0x00000330       0x28 ./system/src/cmsis/system_stm32f4xx.o
 .debug_aranges
                0x00000358       0x20 ./system/src/cmsis/vectors_stm32f407xx.o
 .debug_aranges
                0x00000378       0x50 ./src/DIO_program.o
 .debug_aranges
                0x000003c8       0x68 ./src/NVIC_program.o
 .debug_aranges
                0x00000430       0x48 ./src/RCC_program.o
 .debug_aranges
                0x00000478       0x28 ./src/_initialize_hardware.o
 .debug_aranges
                0x000004a0       0x28 ./src/main.o
 .debug_aranges
                0x000004c8       0x20 ./src/stm32f4xx_hal_msp.o

.debug_pubnames
 *(.debug_pubnames)

.debug_info     0x00000000     0xcfa3
 *(.debug_info .gnu.linkonce.wi.*)
 .debug_info    0x00000000     0x10e8 ./system/src/stm32f4-hal/stm32f4xx_hal.o
 .debug_info    0x000010e8     0x1667 ./system/src/stm32f4-hal/stm32f4xx_hal_cortex.o
 .debug_info    0x0000274f     0x147d ./system/src/stm32f4-hal/stm32f4xx_hal_rcc.o
 .debug_info    0x00003bcc      0x960 ./system/src/newlib/_exit.o
 .debug_info    0x0000452c      0x457 ./system/src/newlib/_startup.o
 .debug_info    0x00004983      0xa15 ./system/src/newlib/_syscalls.o
 .debug_info    0x00005398      0xada ./system/src/cortexm/_initialize_hardware.o
 .debug_info    0x00005e72      0xaec ./system/src/cortexm/_reset_hardware.o
 .debug_info    0x0000695e      0xae5 ./system/src/cortexm/exception_handlers.o
 .debug_info    0x00007443      0xcd0 ./system/src/cmsis/system_stm32f4xx.o
 .debug_info    0x00008113       0xc6 ./system/src/cmsis/vectors_stm32f407xx.o
 .debug_info    0x000081d9     0x18ef ./src/DIO_program.o
 .debug_info    0x00009ac8      0x5c6 ./src/NVIC_program.o
 .debug_info    0x0000a08e      0xb06 ./src/RCC_program.o
 .debug_info    0x0000ab94      0xd04 ./src/_initialize_hardware.o
 .debug_info    0x0000b898      0xe18 ./src/main.o
 .debug_info    0x0000c6b0      0x8f3 ./src/stm32f4xx_hal_msp.o

.debug_abbrev   0x00000000     0x2640
 *(.debug_abbrev)
 .debug_abbrev  0x00000000      0x340 ./system/src/stm32f4-hal/stm32f4xx_hal.o
 .debug_abbrev  0x00000340      0x3d3 ./system/src/stm32f4-hal/stm32f4xx_hal_cortex.o
 .debug_abbrev  0x00000713      0x3ef ./system/src/stm32f4-hal/stm32f4xx_hal_rcc.o
 .debug_abbrev  0x00000b02      0x210 ./system/src/newlib/_exit.o
 .debug_abbrev  0x00000d12      0x1bf ./system/src/newlib/_startup.o
 .debug_abbrev  0x00000ed1      0x231 ./system/src/newlib/_syscalls.o
 .debug_abbrev  0x00001102      0x1e9 ./system/src/cortexm/_initialize_hardware.o
 .debug_abbrev  0x000012eb      0x201 ./system/src/cortexm/_reset_hardware.o
 .debug_abbrev  0x000014ec      0x1fe ./system/src/cortexm/exception_handlers.o
 .debug_abbrev  0x000016ea      0x213 ./system/src/cmsis/system_stm32f4xx.o
 .debug_abbrev  0x000018fd       0x9a ./system/src/cmsis/vectors_stm32f407xx.o
 .debug_abbrev  0x00001997      0x265 ./src/DIO_program.o
 .debug_abbrev  0x00001bfc      0x14f ./src/NVIC_program.o
 .debug_abbrev  0x00001d4b      0x260 ./src/RCC_program.o
 .debug_abbrev  0x00001fab      0x238 ./src/_initialize_hardware.o
 .debug_abbrev  0x000021e3      0x297 ./src/main.o
 .debug_abbrev  0x0000247a      0x1c6 ./src/stm32f4xx_hal_msp.o

.debug_line     0x00000000     0x225b
 *(.debug_line)
 .debug_line    0x00000000      0x353 ./system/src/stm32f4-hal/stm32f4xx_hal.o
 .debug_line    0x00000353      0x3d0 ./system/src/stm32f4-hal/stm32f4xx_hal_cortex.o
 .debug_line    0x00000723      0x53d ./system/src/stm32f4-hal/stm32f4xx_hal_rcc.o
 .debug_line    0x00000c60      0x179 ./system/src/newlib/_exit.o
 .debug_line    0x00000dd9      0x131 ./system/src/newlib/_startup.o
 .debug_line    0x00000f0a      0x192 ./system/src/newlib/_syscalls.o
 .debug_line    0x0000109c      0x169 ./system/src/cortexm/_initialize_hardware.o
 .debug_line    0x00001205      0x175 ./system/src/cortexm/_reset_hardware.o
 .debug_line    0x0000137a      0x1bb ./system/src/cortexm/exception_handlers.o
 .debug_line    0x00001535      0x195 ./system/src/cmsis/system_stm32f4xx.o
 .debug_line    0x000016ca       0x5a ./system/src/cmsis/vectors_stm32f407xx.o
 .debug_line    0x00001724      0x26c ./src/DIO_program.o
 .debug_line    0x00001990      0x133 ./src/NVIC_program.o
 .debug_line    0x00001ac3      0x255 ./src/RCC_program.o
 .debug_line    0x00001d18      0x200 ./src/_initialize_hardware.o
 .debug_line    0x00001f18      0x200 ./src/main.o
 .debug_line    0x00002118      0x143 ./src/stm32f4xx_hal_msp.o

.debug_frame    0x00000000      0x960
 *(.debug_frame)
 .debug_frame   0x00000000      0x184 ./system/src/stm32f4-hal/stm32f4xx_hal.o
 .debug_frame   0x00000184      0x138 ./system/src/stm32f4-hal/stm32f4xx_hal_cortex.o
 .debug_frame   0x000002bc      0x140 ./system/src/stm32f4-hal/stm32f4xx_hal_rcc.o
 .debug_frame   0x000003fc       0x40 ./system/src/newlib/_exit.o
 .debug_frame   0x0000043c       0x80 ./system/src/newlib/_startup.o
 .debug_frame   0x000004bc       0x50 ./system/src/newlib/_syscalls.o
 .debug_frame   0x0000050c       0x38 ./system/src/cortexm/_initialize_hardware.o
 .debug_frame   0x00000544       0x20 ./system/src/cortexm/_reset_hardware.o
 .debug_frame   0x00000564       0xe0 ./system/src/cortexm/exception_handlers.o
 .debug_frame   0x00000644       0x38 ./system/src/cmsis/system_stm32f4xx.o
 .debug_frame   0x0000067c       0x20 ./system/src/cmsis/vectors_stm32f407xx.o
 .debug_frame   0x0000069c       0xa0 ./src/DIO_program.o
 .debug_frame   0x0000073c       0xc0 ./src/NVIC_program.o
 .debug_frame   0x000007fc       0x90 ./src/RCC_program.o
 .debug_frame   0x0000088c       0x4c ./src/_initialize_hardware.o
 .debug_frame   0x000008d8       0x38 ./src/main.o
 .debug_frame   0x00000910       0x50 ./src/stm32f4xx_hal_msp.o

.debug_str      0x00000000     0x52d2
 *(.debug_str)
 .debug_str     0x00000000      0xe03 ./system/src/stm32f4-hal/stm32f4xx_hal.o
                                0xe92 (size before relaxing)
 .debug_str     0x00000e03      0x3af ./system/src/stm32f4-hal/stm32f4xx_hal_cortex.o
                                0xfec (size before relaxing)
 .debug_str     0x000011b2      0x33c ./system/src/stm32f4-hal/stm32f4xx_hal_rcc.o
                                0xab4 (size before relaxing)
 .debug_str     0x000014ee       0x7a ./system/src/newlib/_exit.o
                                0x607 (size before relaxing)
 .debug_str     0x00001568      0x1a3 ./system/src/newlib/_startup.o
                                0x36f (size before relaxing)
 .debug_str     0x0000170b       0x8a ./system/src/newlib/_syscalls.o
                                0x638 (size before relaxing)
 .debug_str     0x00001795       0x5e ./system/src/cortexm/_initialize_hardware.o
                                0x6aa (size before relaxing)
 .debug_str     0x000017f3       0x28 ./system/src/cortexm/_reset_hardware.o
                                0x670 (size before relaxing)
 .debug_str     0x0000181b      0x11f ./system/src/cortexm/exception_handlers.o
                                0x700 (size before relaxing)
 .debug_str     0x0000193a       0x31 ./system/src/cmsis/system_stm32f4xx.o
                                0x77d (size before relaxing)
 .debug_str     0x0000196b       0x59 ./system/src/cmsis/vectors_stm32f407xx.o
                                0x1f2 (size before relaxing)
 .debug_str     0x000019c4     0x3068 ./src/DIO_program.o
                               0x364f (size before relaxing)
 .debug_str     0x00004a2c      0x5d2 ./src/NVIC_program.o
                                0x79a (size before relaxing)
 .debug_str     0x00004ffe      0x23f ./src/RCC_program.o
                                0x85d (size before relaxing)
 .debug_str     0x0000523d       0x31 ./src/_initialize_hardware.o
                                0x8a8 (size before relaxing)
 .debug_str     0x0000526e       0x27 ./src/main.o
                                0xb3a (size before relaxing)
 .debug_str     0x00005295       0x3d ./src/stm32f4xx_hal_msp.o
                                0x60b (size before relaxing)

.debug_loc      0x00000000     0x148a
 *(.debug_loc)
 .debug_loc     0x00000000       0x92 ./system/src/stm32f4-hal/stm32f4xx_hal.o
 .debug_loc     0x00000092      0x47a ./system/src/stm32f4-hal/stm32f4xx_hal_cortex.o
 .debug_loc     0x0000050c      0x495 ./system/src/stm32f4-hal/stm32f4xx_hal_rcc.o
 .debug_loc     0x000009a1       0x21 ./system/src/newlib/_exit.o
 .debug_loc     0x000009c2      0x22d ./system/src/newlib/_startup.o
 .debug_loc     0x00000bef       0x63 ./system/src/newlib/_syscalls.o
 .debug_loc     0x00000c52      0x11c ./system/src/cmsis/system_stm32f4xx.o
 .debug_loc     0x00000d6e      0x2da ./src/DIO_program.o
 .debug_loc     0x00001048      0x276 ./src/NVIC_program.o
 .debug_loc     0x000012be      0x172 ./src/RCC_program.o
 .debug_loc     0x00001430       0x5a ./src/main.o

.debug_macinfo
 *(.debug_macinfo)

.debug_weaknames
 *(.debug_weaknames)

.debug_funcnames
 *(.debug_funcnames)

.debug_typenames
 *(.debug_typenames)

.debug_varnames
 *(.debug_varnames)
OUTPUT(STM32F407_RCC.elf elf32-littlearm)

.debug_ranges   0x00000000      0x628
 .debug_ranges  0x00000000       0xa8 ./system/src/stm32f4-hal/stm32f4xx_hal.o
 .debug_ranges  0x000000a8      0x128 ./system/src/stm32f4-hal/stm32f4xx_hal_cortex.o
 .debug_ranges  0x000001d0      0x168 ./system/src/stm32f4-hal/stm32f4xx_hal_rcc.o
 .debug_ranges  0x00000338       0x18 ./system/src/newlib/_exit.o
 .debug_ranges  0x00000350       0xd0 ./system/src/newlib/_startup.o
 .debug_ranges  0x00000420       0x20 ./system/src/newlib/_syscalls.o
 .debug_ranges  0x00000440       0x18 ./system/src/cortexm/_initialize_hardware.o
 .debug_ranges  0x00000458       0x10 ./system/src/cortexm/_reset_hardware.o
 .debug_ranges  0x00000468       0x70 ./system/src/cortexm/exception_handlers.o
 .debug_ranges  0x000004d8       0x18 ./system/src/cmsis/system_stm32f4xx.o
 .debug_ranges  0x000004f0       0x10 ./system/src/cmsis/vectors_stm32f407xx.o
 .debug_ranges  0x00000500       0x40 ./src/DIO_program.o
 .debug_ranges  0x00000540       0x58 ./src/NVIC_program.o
 .debug_ranges  0x00000598       0x38 ./src/RCC_program.o
 .debug_ranges  0x000005d0       0x18 ./src/_initialize_hardware.o
 .debug_ranges  0x000005e8       0x30 ./src/main.o
 .debug_ranges  0x00000618       0x10 ./src/stm32f4xx_hal_msp.o
