Archive member included to satisfy reference by file (symbol)

c:/imt_sdk_win_64/winarm/armgcc/bin/../lib/gcc/arm-none-eabi/7.2.1/../../../../arm-none-eabi/lib/thumb/v7e-m\libg_nano.a(lib_a-errno.o)
                              ./system/src/newlib/_sbrk.o (__errno)
c:/imt_sdk_win_64/winarm/armgcc/bin/../lib/gcc/arm-none-eabi/7.2.1/../../../../arm-none-eabi/lib/thumb/v7e-m\libg_nano.a(lib_a-impure.o)
                              c:/imt_sdk_win_64/winarm/armgcc/bin/../lib/gcc/arm-none-eabi/7.2.1/../../../../arm-none-eabi/lib/thumb/v7e-m\libg_nano.a(lib_a-errno.o) (_impure_ptr)
c:/imt_sdk_win_64/winarm/armgcc/bin/../lib/gcc/arm-none-eabi/7.2.1/../../../../arm-none-eabi/lib/thumb/v7e-m\libg_nano.a(lib_a-strlen.o)
                              ./system/src/diag/Trace.o (strlen)
c:/imt_sdk_win_64/winarm/armgcc/bin/../lib/gcc/arm-none-eabi/7.2.1/../../../../arm-none-eabi/lib/thumb/v7e-m\libg_nano.a(lib_a-vsnprintf.o)
                              ./system/src/diag/Trace.o (vsnprintf)
c:/imt_sdk_win_64/winarm/armgcc/bin/../lib/gcc/arm-none-eabi/7.2.1/../../../../arm-none-eabi/lib/thumb/v7e-m\libg_nano.a(lib_a-nano-svfprintf.o)
                              c:/imt_sdk_win_64/winarm/armgcc/bin/../lib/gcc/arm-none-eabi/7.2.1/../../../../arm-none-eabi/lib/thumb/v7e-m\libg_nano.a(lib_a-vsnprintf.o) (_svfprintf_r)
c:/imt_sdk_win_64/winarm/armgcc/bin/../lib/gcc/arm-none-eabi/7.2.1/../../../../arm-none-eabi/lib/thumb/v7e-m\libg_nano.a(lib_a-nano-vfprintf_i.o)
                              c:/imt_sdk_win_64/winarm/armgcc/bin/../lib/gcc/arm-none-eabi/7.2.1/../../../../arm-none-eabi/lib/thumb/v7e-m\libg_nano.a(lib_a-nano-svfprintf.o) (_printf_i)
c:/imt_sdk_win_64/winarm/armgcc/bin/../lib/gcc/arm-none-eabi/7.2.1/../../../../arm-none-eabi/lib/thumb/v7e-m\libg_nano.a(lib_a-memchr.o)
                              c:/imt_sdk_win_64/winarm/armgcc/bin/../lib/gcc/arm-none-eabi/7.2.1/../../../../arm-none-eabi/lib/thumb/v7e-m\libg_nano.a(lib_a-nano-svfprintf.o) (memchr)
c:/imt_sdk_win_64/winarm/armgcc/bin/../lib/gcc/arm-none-eabi/7.2.1/../../../../arm-none-eabi/lib/thumb/v7e-m\libg_nano.a(lib_a-memcpy-stub.o)
                              c:/imt_sdk_win_64/winarm/armgcc/bin/../lib/gcc/arm-none-eabi/7.2.1/../../../../arm-none-eabi/lib/thumb/v7e-m\libg_nano.a(lib_a-nano-svfprintf.o) (memcpy)
c:/imt_sdk_win_64/winarm/armgcc/bin/../lib/gcc/arm-none-eabi/7.2.1/../../../../arm-none-eabi/lib/thumb/v7e-m\libg_nano.a(lib_a-memmove.o)
                              c:/imt_sdk_win_64/winarm/armgcc/bin/../lib/gcc/arm-none-eabi/7.2.1/../../../../arm-none-eabi/lib/thumb/v7e-m\libg_nano.a(lib_a-nano-svfprintf.o) (memmove)
c:/imt_sdk_win_64/winarm/armgcc/bin/../lib/gcc/arm-none-eabi/7.2.1/../../../../arm-none-eabi/lib/thumb/v7e-m\libg_nano.a(lib_a-nano-freer.o)
                              c:/imt_sdk_win_64/winarm/armgcc/bin/../lib/gcc/arm-none-eabi/7.2.1/../../../../arm-none-eabi/lib/thumb/v7e-m\libg_nano.a(lib_a-nano-svfprintf.o) (_free_r)
c:/imt_sdk_win_64/winarm/armgcc/bin/../lib/gcc/arm-none-eabi/7.2.1/../../../../arm-none-eabi/lib/thumb/v7e-m\libg_nano.a(lib_a-nano-mallocr.o)
                              c:/imt_sdk_win_64/winarm/armgcc/bin/../lib/gcc/arm-none-eabi/7.2.1/../../../../arm-none-eabi/lib/thumb/v7e-m\libg_nano.a(lib_a-nano-svfprintf.o) (_malloc_r)
c:/imt_sdk_win_64/winarm/armgcc/bin/../lib/gcc/arm-none-eabi/7.2.1/../../../../arm-none-eabi/lib/thumb/v7e-m\libg_nano.a(lib_a-nano-reallocr.o)
                              c:/imt_sdk_win_64/winarm/armgcc/bin/../lib/gcc/arm-none-eabi/7.2.1/../../../../arm-none-eabi/lib/thumb/v7e-m\libg_nano.a(lib_a-nano-svfprintf.o) (_realloc_r)
c:/imt_sdk_win_64/winarm/armgcc/bin/../lib/gcc/arm-none-eabi/7.2.1/../../../../arm-none-eabi/lib/thumb/v7e-m\libg_nano.a(lib_a-sbrkr.o)
                              c:/imt_sdk_win_64/winarm/armgcc/bin/../lib/gcc/arm-none-eabi/7.2.1/../../../../arm-none-eabi/lib/thumb/v7e-m\libg_nano.a(lib_a-nano-mallocr.o) (_sbrk_r)
c:/imt_sdk_win_64/winarm/armgcc/bin/../lib/gcc/arm-none-eabi/7.2.1/../../../../arm-none-eabi/lib/thumb/v7e-m\libg_nano.a(lib_a-mlock.o)
                              c:/imt_sdk_win_64/winarm/armgcc/bin/../lib/gcc/arm-none-eabi/7.2.1/../../../../arm-none-eabi/lib/thumb/v7e-m\libg_nano.a(lib_a-nano-freer.o) (__malloc_lock)
c:/imt_sdk_win_64/winarm/armgcc/bin/../lib/gcc/arm-none-eabi/7.2.1/../../../../arm-none-eabi/lib/thumb/v7e-m\libg_nano.a(lib_a-nano-msizer.o)
                              c:/imt_sdk_win_64/winarm/armgcc/bin/../lib/gcc/arm-none-eabi/7.2.1/../../../../arm-none-eabi/lib/thumb/v7e-m\libg_nano.a(lib_a-nano-reallocr.o) (_malloc_usable_size_r)

Allocating common symbols
Common symbol       size              file

errno               0x4               ./system/src/newlib/_syscalls.o
uwTick              0x4               ./system/src/stm32f4-hal/stm32f4xx_hal.o
pFlash              0x20              ./system/src/stm32f4-hal/stm32f4xx_hal_flash.o

Discarded input sections

[...]
Memory Configuration

Name             Origin             Length             Attributes
RAM              0x20000000         0x00020000         xrw
CCMRAM           0x10000000         0x00010000         xrw
FLASH            0x08000000         0x00100000         xr
FLASHB1          0x00000000         0x00000000         xr
EXTMEMB0         0x00000000         0x00000000         xr
EXTMEMB1         0x00000000         0x00000000         xr
EXTMEMB2         0x00000000         0x00000000         xr
EXTMEMB3         0x00000000         0x00000000         xr
MEMORY_ARRAY     0x20002000         0x00000020         xrw
*default*        0x00000000         0xffffffff

Linker script and memory map

LOAD ./system/src/stm32f4-hal/stm32f4xx_hal.o
LOAD ./system/src/stm32f4-hal/stm32f4xx_hal_cortex.o
LOAD ./system/src/stm32f4-hal/stm32f4xx_hal_dfsdm.o
LOAD ./system/src/stm32f4-hal/stm32f4xx_hal_flash.o
LOAD ./system/src/stm32f4-hal/stm32f4xx_hal_gpio.o
LOAD ./system/src/stm32f4-hal/stm32f4xx_hal_iwdg.o
LOAD ./system/src/stm32f4-hal/stm32f4xx_hal_pwr.o
LOAD ./system/src/stm32f4-hal/stm32f4xx_hal_rcc.o
LOAD ./system/src/newlib/_cxx.o
LOAD ./system/src/newlib/_exit.o
LOAD ./system/src/newlib/_sbrk.o
LOAD ./system/src/newlib/_startup.o
LOAD ./system/src/newlib/_syscalls.o
LOAD ./system/src/newlib/assert.o
LOAD ./system/src/diag/Trace.o
LOAD ./system/src/diag/trace_impl.o
LOAD ./system/src/cortexm/_initialize_hardware.o
LOAD ./system/src/cortexm/_reset_hardware.o
LOAD ./system/src/cortexm/exception_handlers.o
LOAD ./system/src/cmsis/system_stm32f4xx.o
LOAD ./system/src/cmsis/vectors_stm32f407xx.o
LOAD ./src/DIO_program.o
LOAD ./src/RCC_program.o
LOAD ./src/_initialize_hardware.o
LOAD ./src/_write.o
LOAD ./src/main.o
LOAD ./src/stm32f4xx_hal_msp.o
LOAD c:/imt_sdk_win_64/winarm/armgcc/bin/../lib/gcc/arm-none-eabi/7.2.1/../../../../arm-none-eabi/lib/thumb/v7e-m\libstdc++_nano.a
LOAD c:/imt_sdk_win_64/winarm/armgcc/bin/../lib/gcc/arm-none-eabi/7.2.1/../../../../arm-none-eabi/lib/thumb/v7e-m\libm.a
START GROUP
LOAD c:/imt_sdk_win_64/winarm/armgcc/bin/../lib/gcc/arm-none-eabi/7.2.1/thumb/v7e-m\libgcc.a
LOAD c:/imt_sdk_win_64/winarm/armgcc/bin/../lib/gcc/arm-none-eabi/7.2.1/../../../../arm-none-eabi/lib/thumb/v7e-m\libg_nano.a
LOAD c:/imt_sdk_win_64/winarm/armgcc/bin/../lib/gcc/arm-none-eabi/7.2.1/../../../../arm-none-eabi/lib/thumb/v7e-m\libc_nano.a
END GROUP
START GROUP
LOAD c:/imt_sdk_win_64/winarm/armgcc/bin/../lib/gcc/arm-none-eabi/7.2.1/thumb/v7e-m\libgcc.a
LOAD c:/imt_sdk_win_64/winarm/armgcc/bin/../lib/gcc/arm-none-eabi/7.2.1/../../../../arm-none-eabi/lib/thumb/v7e-m\libc_nano.a
END GROUP
                0x20020000                __stack = (ORIGIN (RAM) + LENGTH (RAM))
                0x20020000                _estack = __stack
                0x00000400                __Main_Stack_Size = 0x400
                [!provide]                PROVIDE (_Main_Stack_Size, __Main_Stack_Size)
                0x2001fc00                __Main_Stack_Limit = (__stack - __Main_Stack_Size)
                [!provide]                PROVIDE (_Main_Stack_Limit, __Main_Stack_Limit)
                0x00000100                _Minimum_Stack_Size = 0x100
                0x20000118                PROVIDE (_Heap_Begin, _end_noinit)
                0x2001fc00                PROVIDE (_Heap_Limit, (__stack - __Main_Stack_Size))

.isr_vector     0x08000000      0x3e8
 FILL mask 0xff
                0x08000000                __vectors_start = ABSOLUTE (.)
                0x08000000                __vectors_start__ = ABSOLUTE (.)
 *(.isr_vector)
 .isr_vector    0x08000000      0x188 ./system/src/cmsis/vectors_stm32f407xx.o
                0x08000000                __isr_vectors
 *(.cfmconfig)
 *(.after_vectors .after_vectors.*)
 .after_vectors
                0x08000188      0x130 ./system/src/newlib/_startup.o
                0x08000188                _start
 .after_vectors
                0x080002b8      0x12c ./system/src/cortexm/exception_handlers.o
                0x080002b8                Reset_Handler
                0x080002be                NMI_Handler
                0x080002c2                HardFault_Handler
                0x080002d6                HardFault_Handler_C
                0x08000334                MemManage_Handler
                0x08000338                BusFault_Handler
                0x0800034c                BusFault_Handler_C
                0x08000380                UsageFault_Handler
                0x08000394                UsageFault_Handler_C
                0x080003c8                SVC_Handler
                0x080003cc                DebugMon_Handler
                0x080003d0                PendSV_Handler
                0x080003d4                SysTick_Handler
 .after_vectors
                0x080003e4        0x4 ./system/src/cmsis/vectors_stm32f407xx.o
                0x080003e4                RTC_Alarm_IRQHandler
                0x080003e4                HASH_RNG_IRQHandler
                0x080003e4                EXTI2_IRQHandler
                0x080003e4                TIM8_CC_IRQHandler
                0x080003e4                TIM1_CC_IRQHandler
                0x080003e4                DMA2_Stream5_IRQHandler
                0x080003e4                DMA1_Stream5_IRQHandler
                0x080003e4                PVD_IRQHandler
                0x080003e4                SDIO_IRQHandler
                0x080003e4                TAMP_STAMP_IRQHandler
                0x080003e4                CAN2_RX1_IRQHandler
                0x080003e4                EXTI3_IRQHandler
                0x080003e4                TIM8_TRG_COM_TIM14_IRQHandler
                0x080003e4                TIM1_UP_TIM10_IRQHandler
                0x080003e4                TIM8_UP_TIM13_IRQHandler
                0x080003e4                I2C3_ER_IRQHandler
                0x080003e4                EXTI0_IRQHandler
                0x080003e4                I2C2_EV_IRQHandler
                0x080003e4                DMA1_Stream2_IRQHandler
                0x080003e4                CAN1_RX0_IRQHandler
                0x080003e4                FPU_IRQHandler
                0x080003e4                OTG_HS_WKUP_IRQHandler
                0x080003e4                CAN2_SCE_IRQHandler
                0x080003e4                DMA2_Stream2_IRQHandler
                0x080003e4                SPI1_IRQHandler
                0x080003e4                TIM6_DAC_IRQHandler
                0x080003e4                TIM1_BRK_TIM9_IRQHandler
                0x080003e4                DCMI_IRQHandler
                0x080003e4                CAN2_RX0_IRQHandler
                0x080003e4                DMA2_Stream3_IRQHandler
                0x080003e4                USART6_IRQHandler
                0x080003e4                USART3_IRQHandler
                0x080003e4                CAN1_RX1_IRQHandler
                0x080003e4                UART5_IRQHandler
                0x080003e4                DMA2_Stream0_IRQHandler
                0x080003e4                TIM4_IRQHandler
                0x080003e4                I2C1_EV_IRQHandler
                0x080003e4                DMA1_Stream6_IRQHandler
                0x080003e4                DMA1_Stream1_IRQHandler
                0x080003e4                UART4_IRQHandler
                0x080003e4                TIM3_IRQHandler
                0x080003e4                RCC_IRQHandler
                0x080003e4                TIM8_BRK_TIM12_IRQHandler
                0x080003e4                Default_Handler
                0x080003e4                EXTI15_10_IRQHandler
                0x080003e4                ADC_IRQHandler
                0x080003e4                DMA1_Stream7_IRQHandler
                0x080003e4                TIM7_IRQHandler
                0x080003e4                CAN2_TX_IRQHandler
                0x080003e4                TIM5_IRQHandler
                0x080003e4                DMA2_Stream7_IRQHandler
                0x080003e4                I2C3_EV_IRQHandler
                0x080003e4                EXTI9_5_IRQHandler
                0x080003e4                RTC_WKUP_IRQHandler
                0x080003e4                ETH_WKUP_IRQHandler
                0x080003e4                SPI2_IRQHandler
                0x080003e4                OTG_HS_EP1_IN_IRQHandler
                0x080003e4                DMA1_Stream0_IRQHandler
                0x080003e4                CAN1_TX_IRQHandler
                0x080003e4                EXTI4_IRQHandler
                0x080003e4                ETH_IRQHandler
                0x080003e4                OTG_HS_EP1_OUT_IRQHandler
                0x080003e4                WWDG_IRQHandler
                0x080003e4                TIM2_IRQHandler
                0x080003e4                OTG_FS_WKUP_IRQHandler
                0x080003e4                TIM1_TRG_COM_TIM11_IRQHandler
                0x080003e4                OTG_HS_IRQHandler
                0x080003e4                EXTI1_IRQHandler
                0x080003e4                USART2_IRQHandler
                0x080003e4                I2C2_ER_IRQHandler
                0x080003e4                DMA2_Stream1_IRQHandler
                0x080003e4                CAN1_SCE_IRQHandler
                0x080003e4                FLASH_IRQHandler
                0x080003e4                DMA2_Stream4_IRQHandler
                0x080003e4                USART1_IRQHandler
                0x080003e4                OTG_FS_IRQHandler
                0x080003e4                SPI3_IRQHandler
                0x080003e4                DMA1_Stream4_IRQHandler
                0x080003e4                I2C1_ER_IRQHandler
                0x080003e4                FMC_IRQHandler
                0x080003e4                DMA2_Stream6_IRQHandler
                0x080003e4                DMA1_Stream3_IRQHandler

.inits          0x080003e8       0x28
                0x080003e8                __data_regions_array_start = .
                0x080003e8        0x4 LONG 0x8002044 LOADADDR (.data)
                0x080003ec        0x4 LONG 0x20000000 ADDR (.data)
                0x080003f0        0x4 LONG 0x20000078 (ADDR (.data) + SIZEOF (.data))
                0x080003f4        0x4 LONG 0x8002044 LOADADDR (.data_CCMRAM)
                0x080003f8        0x4 LONG 0x10000000 ADDR (.data_CCMRAM)
                0x080003fc        0x4 LONG 0x10000000 (ADDR (.data_CCMRAM) + SIZEOF (.data_CCMRAM))
                0x08000400                __data_regions_array_end = .
                0x08000400                __bss_regions_array_start = .
                0x08000400        0x4 LONG 0x20000078 ADDR (.bss)
                0x08000404        0x4 LONG 0x20000118 (ADDR (.bss) + SIZEOF (.bss))
                0x08000408        0x4 LONG 0x10000000 ADDR (.bss_CCMRAM)
                0x0800040c        0x4 LONG 0x10000000 (ADDR (.bss_CCMRAM) + SIZEOF (.bss_CCMRAM))
                0x08000410                __bss_regions_array_end = .
 *(.init)
 *(.fini)
                0x08000410                . = ALIGN (0x4)
                0x08000410                PROVIDE (__preinit_array_start, .)
 *(.preinit_array_sysinit .preinit_array_sysinit.*)
 *(.preinit_array_platform .preinit_array_platform.*)
 *(.preinit_array .preinit_array.*)
                0x08000410                PROVIDE (__preinit_array_end, .)
                0x08000410                . = ALIGN (0x4)
                0x08000410                PROVIDE (__init_array_start, .)
 *(SORT_BY_NAME(.init_array.*))
 *(.init_array)
                0x08000410                PROVIDE (__init_array_end, .)
                0x08000410                . = ALIGN (0x4)
                0x08000410                PROVIDE (__fini_array_start, .)
 *(SORT_BY_NAME(.fini_array.*))
 *(.fini_array)
                0x08000410                PROVIDE (__fini_array_end, .)

.flashtext
 *(.flashtext .flashtext.*)

.text           0x08000410     0x1c33
 *(.text .text.*)
 .text.HAL_InitTick
                0x08000410       0x2c ./system/src/stm32f4-hal/stm32f4xx_hal.o
                0x08000410                HAL_InitTick
 .text.HAL_Init
                0x0800043c       0x34 ./system/src/stm32f4-hal/stm32f4xx_hal.o
                0x0800043c                HAL_Init
 .text.HAL_GetTick
                0x08000470        0xc ./system/src/stm32f4-hal/stm32f4xx_hal.o
                0x08000470                HAL_GetTick
 .text.HAL_NVIC_SetPriorityGrouping
                0x0800047c       0x3c ./system/src/stm32f4-hal/stm32f4xx_hal_cortex.o
                0x0800047c                HAL_NVIC_SetPriorityGrouping
 .text.HAL_NVIC_SetPriority
                0x080004b8       0x8c ./system/src/stm32f4-hal/stm32f4xx_hal_cortex.o
                0x080004b8                HAL_NVIC_SetPriority
 .text.HAL_SYSTICK_Config
                0x08000544       0x2c ./system/src/stm32f4-hal/stm32f4xx_hal_cortex.o
                0x08000544                HAL_SYSTICK_Config
 .text.HAL_SYSTICK_CLKSourceConfig
                0x08000570       0x3c ./system/src/stm32f4-hal/stm32f4xx_hal_cortex.o
                0x08000570                HAL_SYSTICK_CLKSourceConfig
 .text.HAL_RCC_OscConfig
                0x080005ac      0x43c ./system/src/stm32f4-hal/stm32f4xx_hal_rcc.o
                0x080005ac                HAL_RCC_OscConfig
 .text.HAL_RCC_GetSysClockFreq
                0x080009e8       0x94 ./system/src/stm32f4-hal/stm32f4xx_hal_rcc.o
                0x080009e8                HAL_RCC_GetSysClockFreq
 .text.HAL_RCC_ClockConfig
                0x08000a7c      0x258 ./system/src/stm32f4-hal/stm32f4xx_hal_rcc.o
                0x08000a7c                HAL_RCC_ClockConfig
 .text.HAL_RCC_GetHCLKFreq
                0x08000cd4        0xc ./system/src/stm32f4-hal/stm32f4xx_hal_rcc.o
                0x08000cd4                HAL_RCC_GetHCLKFreq
 .text._exit    0x08000ce0        0x2 ./system/src/newlib/_exit.o
                0x08000ce0                _exit
 *fill*         0x08000ce2        0x2 
 .text.abort    0x08000ce4       0x14 ./system/src/newlib/_exit.o
                0x08000ce4                abort
 .text._sbrk    0x08000cf8       0x44 ./system/src/newlib/_sbrk.o
                0x08000cf8                _sbrk
 .text.__initialize_args
                0x08000d3c       0x10 ./system/src/newlib/_syscalls.o
                0x08000d3c                __initialize_args
 .text.assert_failed
                0x08000d4c       0x14 ./system/src/newlib/assert.o
                0x08000d4c                assert_failed
 .text.trace_printf
                0x08000d60       0x30 ./system/src/diag/Trace.o
                0x08000d60                trace_printf
 .text.trace_puts
                0x08000d90       0x20 ./system/src/diag/Trace.o
                0x08000d90                trace_puts
 .text._trace_write_semihosting_debug
                0x08000db0       0x60 ./system/src/diag/trace_impl.o
 .text.trace_write
                0x08000e10        0x8 ./system/src/diag/trace_impl.o
                0x08000e10                trace_write
 .text.__initialize_hardware_early
                0x08000e18       0x18 ./system/src/cortexm/_initialize_hardware.o
                0x08000e18                __initialize_hardware_early
 .text.dumpExceptionStack
                0x08000e30       0xf4 ./system/src/cortexm/exception_handlers.o
                0x08000e30                dumpExceptionStack
 .text.isSemihosting
                0x08000f24       0x20 ./system/src/cortexm/exception_handlers.o
                0x08000f24                isSemihosting
 .text.SystemInit
                0x08000f44       0x40 ./system/src/cmsis/system_stm32f4xx.o
                0x08000f44                SystemInit
 .text.SystemCoreClockUpdate
                0x08000f84       0xa0 ./system/src/cmsis/system_stm32f4xx.o
                0x08000f84                SystemCoreClockUpdate
 .text.MGPIO_voidSetPinMode
                0x08001024      0x144 ./src/DIO_program.o
                0x08001024                MGPIO_voidSetPinMode
 .text.MGPIO_voidSetPinValue
                0x08001168       0x1a ./src/DIO_program.o
                0x08001168                MGPIO_voidSetPinValue
 .text.MGPIO_u8GetPinValue
                0x08001182        0xa ./src/DIO_program.o
                0x08001182                MGPIO_u8GetPinValue
 .text.MGPIO_HAL_Status_TypeDefEnableAlternateFunction
                0x0800118c       0x70 ./src/DIO_program.o
                0x0800118c                MGPIO_HAL_Status_TypeDefEnableAlternateFunction
 .text.MGPIO_HAL_Status_TypeDefResetAlternateFunction
                0x080011fc       0x48 ./src/DIO_program.o
                0x080011fc                MGPIO_HAL_Status_TypeDefResetAlternateFunction
 .text.MRCC_voidInitSystemClock
                0x08001244       0x54 ./src/RCC_program.o
                0x08001244                MRCC_voidInitSystemClock
 .text.MRCC_u8EnablePeripheralClock
                0x08001298       0x8c ./src/RCC_program.o
                0x08001298                MRCC_u8EnablePeripheralClock
 .text.SystemClock_Config
                0x08001324       0x9c ./src/_initialize_hardware.o
                0x08001324                SystemClock_Config
 .text.__initialize_hardware
                0x080013c0       0x10 ./src/_initialize_hardware.o
                0x080013c0                __initialize_hardware
 .text.main     0x080013d0       0xdc ./src/main.o
                0x080013d0                main
 .text.HAL_MspInit
                0x080014ac        0x2 ./src/stm32f4xx_hal_msp.o
                0x080014ac                HAL_MspInit
 *fill*         0x080014ae        0x2 
 .text.__errno  0x080014b0        0xc c:/imt_sdk_win_64/winarm/armgcc/bin/../lib/gcc/arm-none-eabi/7.2.1/../../../../arm-none-eabi/lib/thumb/v7e-m\libg_nano.a(lib_a-errno.o)
                0x080014b0                __errno
 .text          0x080014bc       0x10 c:/imt_sdk_win_64/winarm/armgcc/bin/../lib/gcc/arm-none-eabi/7.2.1/../../../../arm-none-eabi/lib/thumb/v7e-m\libg_nano.a(lib_a-strlen.o)
                0x080014bc                strlen
 .text._vsnprintf_r
                0x080014cc       0x58 c:/imt_sdk_win_64/winarm/armgcc/bin/../lib/gcc/arm-none-eabi/7.2.1/../../../../arm-none-eabi/lib/thumb/v7e-m\libg_nano.a(lib_a-vsnprintf.o)
                0x080014cc                _vsniprintf_r
                0x080014cc                _vsnprintf_r
 .text.vsnprintf
                0x08001524       0x1c c:/imt_sdk_win_64/winarm/armgcc/bin/../lib/gcc/arm-none-eabi/7.2.1/../../../../arm-none-eabi/lib/thumb/v7e-m\libg_nano.a(lib_a-vsnprintf.o)
                0x08001524                vsniprintf
                0x08001524                vsnprintf
 .text.__ssputs_r
                0x08001540       0xb4 c:/imt_sdk_win_64/winarm/armgcc/bin/../lib/gcc/arm-none-eabi/7.2.1/../../../../arm-none-eabi/lib/thumb/v7e-m\libg_nano.a(lib_a-nano-svfprintf.o)
                0x08001540                __ssputs_r
 .text._svfprintf_r
                0x080015f4      0x1ec c:/imt_sdk_win_64/winarm/armgcc/bin/../lib/gcc/arm-none-eabi/7.2.1/../../../../arm-none-eabi/lib/thumb/v7e-m\libg_nano.a(lib_a-nano-svfprintf.o)
                0x080015f4                _svfiprintf_r
                0x080015f4                _svfprintf_r
 .text._printf_common
                0x080017e0       0xea c:/imt_sdk_win_64/winarm/armgcc/bin/../lib/gcc/arm-none-eabi/7.2.1/../../../../arm-none-eabi/lib/thumb/v7e-m\libg_nano.a(lib_a-nano-vfprintf_i.o)
                0x080017e0                _printf_common
 *fill*         0x080018ca        0x2 
 .text._printf_i
                0x080018cc      0x224 c:/imt_sdk_win_64/winarm/armgcc/bin/../lib/gcc/arm-none-eabi/7.2.1/../../../../arm-none-eabi/lib/thumb/v7e-m\libg_nano.a(lib_a-nano-vfprintf_i.o)
                0x080018cc                _printf_i
 .text          0x08001af0       0xa0 c:/imt_sdk_win_64/winarm/armgcc/bin/../lib/gcc/arm-none-eabi/7.2.1/../../../../arm-none-eabi/lib/thumb/v7e-m\libg_nano.a(lib_a-memchr.o)
                0x08001af0                memchr
 .text.memcpy   0x08001b90       0x16 c:/imt_sdk_win_64/winarm/armgcc/bin/../lib/gcc/arm-none-eabi/7.2.1/../../../../arm-none-eabi/lib/thumb/v7e-m\libg_nano.a(lib_a-memcpy-stub.o)
                0x08001b90                memcpy
 .text.memmove  0x08001ba6       0x32 c:/imt_sdk_win_64/winarm/armgcc/bin/../lib/gcc/arm-none-eabi/7.2.1/../../../../arm-none-eabi/lib/thumb/v7e-m\libg_nano.a(lib_a-memmove.o)
                0x08001ba6                memmove
 .text._free_r  0x08001bd8       0x9c c:/imt_sdk_win_64/winarm/armgcc/bin/../lib/gcc/arm-none-eabi/7.2.1/../../../../arm-none-eabi/lib/thumb/v7e-m\libg_nano.a(lib_a-nano-freer.o)
                0x08001bd8                _free_r
 .text._malloc_r
                0x08001c74       0xb4 c:/imt_sdk_win_64/winarm/armgcc/bin/../lib/gcc/arm-none-eabi/7.2.1/../../../../arm-none-eabi/lib/thumb/v7e-m\libg_nano.a(lib_a-nano-mallocr.o)
                0x08001c74                _malloc_r
 .text._realloc_r
                0x08001d28       0x4c c:/imt_sdk_win_64/winarm/armgcc/bin/../lib/gcc/arm-none-eabi/7.2.1/../../../../arm-none-eabi/lib/thumb/v7e-m\libg_nano.a(lib_a-nano-reallocr.o)
                0x08001d28                _realloc_r
 .text._sbrk_r  0x08001d74       0x20 c:/imt_sdk_win_64/winarm/armgcc/bin/../lib/gcc/arm-none-eabi/7.2.1/../../../../arm-none-eabi/lib/thumb/v7e-m\libg_nano.a(lib_a-sbrkr.o)
                0x08001d74                _sbrk_r
 .text.__malloc_lock
                0x08001d94        0x2 c:/imt_sdk_win_64/winarm/armgcc/bin/../lib/gcc/arm-none-eabi/7.2.1/../../../../arm-none-eabi/lib/thumb/v7e-m\libg_nano.a(lib_a-mlock.o)
                0x08001d94                __malloc_lock
 .text.__malloc_unlock
                0x08001d96        0x2 c:/imt_sdk_win_64/winarm/armgcc/bin/../lib/gcc/arm-none-eabi/7.2.1/../../../../arm-none-eabi/lib/thumb/v7e-m\libg_nano.a(lib_a-mlock.o)
                0x08001d96                __malloc_unlock
 .text._malloc_usable_size_r
                0x08001d98       0x10 c:/imt_sdk_win_64/winarm/armgcc/bin/../lib/gcc/arm-none-eabi/7.2.1/../../../../arm-none-eabi/lib/thumb/v7e-m\libg_nano.a(lib_a-nano-msizer.o)
                0x08001d98                _malloc_usable_size_r
 *(.rodata .rodata.* .constdata .constdata.*)
 .rodata.HAL_NVIC_SetPriorityGrouping.str1.4
                0x08001da8       0x31 ./system/src/stm32f4-hal/stm32f4xx_hal_cortex.o
 *fill*         0x08001dd9        0x3 
 .rodata.APBAHBPrescTable
                0x08001ddc       0x10 ./system/src/stm32f4-hal/stm32f4xx_hal_rcc.o
                0x08001ddc                APBAHBPrescTable
 .rodata.HAL_RCC_OscConfig.str1.4
                0x08001dec       0x2e ./system/src/stm32f4-hal/stm32f4xx_hal_rcc.o
 *fill*         0x08001e1a        0x2 
 .rodata.abort.str1.4
                0x08001e1c       0x14 ./system/src/newlib/_exit.o
 .rodata.assert_failed.str1.4
                0x08001e30       0x2b ./system/src/newlib/assert.o
 .rodata.trace_puts.str1.4
                0x08001e5b       0x2b ./system/src/diag/Trace.o
                                  0x2 (size before relaxing)
 *fill*         0x08001e5b        0x1 
 .rodata.dumpExceptionStack.str1.4
                0x08001e5c      0x11a ./system/src/cortexm/exception_handlers.o
 *fill*         0x08001f76        0x2 
 .rodata.str1.4
                0x08001f78       0x2a ./system/src/cortexm/exception_handlers.o
 *fill*         0x08001fa2        0x2 
 .rodata.AHBPrescTable
                0x08001fa4       0x10 ./system/src/cmsis/system_stm32f4xx.o
                0x08001fa4                AHBPrescTable
 .rodata.MGPIO_HAL_Status_TypeDefEnableAlternateFunction.str1.4
                0x08001fb4       0x20 ./src/DIO_program.o
 .rodata.MRCC_voidInitSystemClock.str1.4
                0x08001fd4        0xe ./src/RCC_program.o
 *fill*         0x08001fe2        0x2 
 .rodata.main.str1.4
                0x08001fe4       0x2c ./src/main.o
                                 0x29 (size before relaxing)
 .rodata._svfprintf_r.str1.1
                0x08002010       0x11 c:/imt_sdk_win_64/winarm/armgcc/bin/../lib/gcc/arm-none-eabi/7.2.1/../../../../arm-none-eabi/lib/thumb/v7e-m\libg_nano.a(lib_a-nano-svfprintf.o)
 .rodata._printf_i.str1.1
                0x08002021       0x22 c:/imt_sdk_win_64/winarm/armgcc/bin/../lib/gcc/arm-none-eabi/7.2.1/../../../../arm-none-eabi/lib/thumb/v7e-m\libg_nano.a(lib_a-nano-vfprintf_i.o)
 *(vtable)
 *(.eh_frame*)
 *(.glue_7)
 .glue_7        0x08002043        0x0 linker stubs
 *(.glue_7t)
 .glue_7t       0x08002043        0x0 linker stubs

.vfp11_veneer   0x08002044        0x0
 .vfp11_veneer  0x08002044        0x0 linker stubs

.v4_bx          0x08002044        0x0
 .v4_bx         0x08002044        0x0 linker stubs

.iplt           0x08002044        0x0
 .iplt          0x08002044        0x0 ./system/src/stm32f4-hal/stm32f4xx_hal.o

.rel.dyn        0x08002044        0x0
 .rel.iplt      0x08002044        0x0 ./system/src/stm32f4-hal/stm32f4xx_hal.o

.ARM.extab
 *(.ARM.extab* .gnu.linkonce.armextab.*)
                0x08002044                . = ALIGN (0x4)
                0x08002044                __exidx_start = .

.ARM.exidx
 *(.ARM.exidx* .gnu.linkonce.armexidx.*)
                0x08002044                __exidx_end = .
                0x08002044                . = ALIGN (0x4)
                0x08002044                _etext = .
                0x08002044                __etext = .

.data_CCMRAM    0x10000000        0x0 load address 0x08002044
 FILL mask 0xff
 *(.data.CCMRAM .data.CCMRAM.*)
                0x10000000                . = ALIGN (0x4)
                0x08002044                _sidata = LOADADDR (.data)

.data           0x20000000       0x78 load address 0x08002044
 FILL mask 0xff
                0x20000000                _sdata = .
                0x20000000                __data_start__ = .
 *(.data_begin .data_begin.*)
 .data_begin    0x20000000        0x4 ./system/src/newlib/_startup.o
 *(.data .data.*)
 .data.argv.4310
                0x20000004        0x8 ./system/src/newlib/_syscalls.o
 .data.SystemCoreClock
                0x2000000c        0x4 ./system/src/cmsis/system_stm32f4xx.o
                0x2000000c                SystemCoreClock
 .data._impure_ptr
                0x20000010        0x4 c:/imt_sdk_win_64/winarm/armgcc/bin/../lib/gcc/arm-none-eabi/7.2.1/../../../../arm-none-eabi/lib/thumb/v7e-m\libg_nano.a(lib_a-impure.o)
                0x20000010                _impure_ptr
 .data.impure_data
                0x20000014       0x60 c:/imt_sdk_win_64/winarm/armgcc/bin/../lib/gcc/arm-none-eabi/7.2.1/../../../../arm-none-eabi/lib/thumb/v7e-m\libg_nano.a(lib_a-impure.o)
 *(.data_end .data_end.*)
 .data_end      0x20000074        0x4 ./system/src/newlib/_startup.o
                0x20000078                . = ALIGN (0x4)
                0x20000078                _edata = .
                0x20000078                __data_end__ = .

.igot.plt       0x20000078        0x0 load address 0x080020bc
 .igot.plt      0x20000078        0x0 ./system/src/stm32f4-hal/stm32f4xx_hal.o

.bss_CCMRAM     0x10000000        0x0
 *(.bss.CCMRAM .bss.CCMRAM.*)

.bss            0x20000078       0xa0
                0x20000078                __bss_start__ = .
                0x20000078                _sbss = .
 *(.bss_begin .bss_begin.*)
 .bss_begin     0x20000078        0x4 ./system/src/newlib/_startup.o
 *(.bss .bss.*)
 .bss.current_heap_end.3961
                0x2000007c        0x4 ./system/src/newlib/_sbrk.o
 .bss.name.4309
                0x20000080        0x1 ./system/src/newlib/_syscalls.o
 *fill*         0x20000081        0x3 
 .bss.buf.5205  0x20000084       0x80 ./system/src/diag/Trace.o
 .bss.__malloc_free_list
                0x20000104        0x4 c:/imt_sdk_win_64/winarm/armgcc/bin/../lib/gcc/arm-none-eabi/7.2.1/../../../../arm-none-eabi/lib/thumb/v7e-m\libg_nano.a(lib_a-nano-mallocr.o)
                0x20000104                __malloc_free_list
 .bss.__malloc_sbrk_start
                0x20000108        0x4 c:/imt_sdk_win_64/winarm/armgcc/bin/../lib/gcc/arm-none-eabi/7.2.1/../../../../arm-none-eabi/lib/thumb/v7e-m\libg_nano.a(lib_a-nano-mallocr.o)
                0x20000108                __malloc_sbrk_start
 *(COMMON)
 COMMON         0x2000010c        0x4 ./system/src/stm32f4-hal/stm32f4xx_hal.o
                0x2000010c                uwTick
 COMMON         0x20000110        0x4 ./system/src/newlib/_syscalls.o
                0x20000110                errno
 *(.bss_end .bss_end.*)
 .bss_end       0x20000114        0x4 ./system/src/newlib/_startup.o
                0x20000118                . = ALIGN (0x4)
                0x20000118                __bss_end__ = .
                0x20000118                _ebss = .

.noinit_CCMRAM
 *(.noinit.CCMRAM .noinit.CCMRAM.*)

.noinit         0x20000118        0x0
                0x20000118                _noinit = .
 *(.noinit .noinit.*)
                0x20000118                . = ALIGN (0x4)
                0x20000118                _end_noinit = .
                [!provide]                PROVIDE (end, _end_noinit)
                [!provide]                PROVIDE (_end, _end_noinit)
                [!provide]                PROVIDE (__end, _end_noinit)
                [!provide]                PROVIDE (__end__, _end_noinit)

._check_stack   0x20000118      0x100
                0x20000218                . = (. + _Minimum_Stack_Size)
 *fill*         0x20000118      0x100 

.b1text
 *(.b1text)
 *(.b1rodata)
 *(.b1rodata.*)

.eb0text
 *(.eb0text)
 *(.eb0rodata)
 *(.eb0rodata.*)

.eb1text
 *(.eb1text)
 *(.eb1rodata)
 *(.eb1rodata.*)

.eb2text
 *(.eb2text)
 *(.eb2rodata)
 *(.eb2rodata.*)

.eb3text
 *(.eb3text)
 *(.eb3rodata)
 *(.eb3rodata.*)

.stab
 *(.stab)

.stabstr
 *(.stabstr)

.stab.excl
 *(.stab.excl)

.stab.exclstr
 *(.stab.exclstr)

.stab.index
 *(.stab.index)

.stab.indexstr
 *(.stab.indexstr)

.comment        0x00000000       0x7e
 *(.comment)
 .comment       0x00000000       0x7e ./system/src/stm32f4-hal/stm32f4xx_hal.o
                                 0x7f (size before relaxing)
 .comment       0x0000007e       0x7f ./system/src/stm32f4-hal/stm32f4xx_hal_cortex.o
 .comment       0x0000007e       0x7f ./system/src/stm32f4-hal/stm32f4xx_hal_rcc.o
 .comment       0x0000007e       0x7f ./system/src/newlib/_exit.o
 .comment       0x0000007e       0x7f ./system/src/newlib/_sbrk.o
 .comment       0x0000007e       0x7f ./system/src/newlib/_startup.o
 .comment       0x0000007e       0x7f ./system/src/newlib/_syscalls.o
 .comment       0x0000007e       0x7f ./system/src/newlib/assert.o
 .comment       0x0000007e       0x7f ./system/src/diag/Trace.o
 .comment       0x0000007e       0x7f ./system/src/diag/trace_impl.o
 .comment       0x0000007e       0x7f ./system/src/cortexm/_initialize_hardware.o
 .comment       0x0000007e       0x7f ./system/src/cortexm/exception_handlers.o
 .comment       0x0000007e       0x7f ./system/src/cmsis/system_stm32f4xx.o
 .comment       0x0000007e       0x7f ./system/src/cmsis/vectors_stm32f407xx.o
 .comment       0x0000007e       0x7f ./src/DIO_program.o
 .comment       0x0000007e       0x7f ./src/RCC_program.o
 .comment       0x0000007e       0x7f ./src/_initialize_hardware.o
 .comment       0x0000007e       0x7f ./src/main.o
 .comment       0x0000007e       0x7f ./src/stm32f4xx_hal_msp.o

.ARM.attributes
                0x00000000       0x31
 .ARM.attributes
                0x00000000       0x33 ./system/src/stm32f4-hal/stm32f4xx_hal.o
 .ARM.attributes
                0x00000033       0x33 ./system/src/stm32f4-hal/stm32f4xx_hal_cortex.o
 .ARM.attributes
                0x00000066       0x33 ./system/src/stm32f4-hal/stm32f4xx_hal_rcc.o
 .ARM.attributes
                0x00000099       0x33 ./system/src/newlib/_exit.o
 .ARM.attributes
                0x000000cc       0x33 ./system/src/newlib/_sbrk.o
 .ARM.attributes
                0x000000ff       0x33 ./system/src/newlib/_startup.o
 .ARM.attributes
                0x00000132       0x33 ./system/src/newlib/_syscalls.o
 .ARM.attributes
                0x00000165       0x33 ./system/src/newlib/assert.o
 .ARM.attributes
                0x00000198       0x33 ./system/src/diag/Trace.o
 .ARM.attributes
                0x000001cb       0x33 ./system/src/diag/trace_impl.o
 .ARM.attributes
                0x000001fe       0x33 ./system/src/cortexm/_initialize_hardware.o
 .ARM.attributes
                0x00000231       0x33 ./system/src/cortexm/exception_handlers.o
 .ARM.attributes
                0x00000264       0x33 ./system/src/cmsis/system_stm32f4xx.o
 .ARM.attributes
                0x00000297       0x33 ./system/src/cmsis/vectors_stm32f407xx.o
 .ARM.attributes
                0x000002ca       0x33 ./src/DIO_program.o
 .ARM.attributes
                0x000002fd       0x33 ./src/RCC_program.o
 .ARM.attributes
                0x00000330       0x33 ./src/_initialize_hardware.o
 .ARM.attributes
                0x00000363       0x33 ./src/main.o
 .ARM.attributes
                0x00000396       0x33 ./src/stm32f4xx_hal_msp.o
 .ARM.attributes
                0x000003c9       0x2e c:/imt_sdk_win_64/winarm/armgcc/bin/../lib/gcc/arm-none-eabi/7.2.1/../../../../arm-none-eabi/lib/thumb/v7e-m\libg_nano.a(lib_a-errno.o)
 .ARM.attributes
                0x000003f7       0x2e c:/imt_sdk_win_64/winarm/armgcc/bin/../lib/gcc/arm-none-eabi/7.2.1/../../../../arm-none-eabi/lib/thumb/v7e-m\libg_nano.a(lib_a-impure.o)
 .ARM.attributes
                0x00000425       0x17 c:/imt_sdk_win_64/winarm/armgcc/bin/../lib/gcc/arm-none-eabi/7.2.1/../../../../arm-none-eabi/lib/thumb/v7e-m\libg_nano.a(lib_a-strlen.o)
 .ARM.attributes
                0x0000043c       0x2e c:/imt_sdk_win_64/winarm/armgcc/bin/../lib/gcc/arm-none-eabi/7.2.1/../../../../arm-none-eabi/lib/thumb/v7e-m\libg_nano.a(lib_a-vsnprintf.o)
 .ARM.attributes
                0x0000046a       0x2e c:/imt_sdk_win_64/winarm/armgcc/bin/../lib/gcc/arm-none-eabi/7.2.1/../../../../arm-none-eabi/lib/thumb/v7e-m\libg_nano.a(lib_a-nano-svfprintf.o)
 .ARM.attributes
                0x00000498       0x2e c:/imt_sdk_win_64/winarm/armgcc/bin/../lib/gcc/arm-none-eabi/7.2.1/../../../../arm-none-eabi/lib/thumb/v7e-m\libg_nano.a(lib_a-nano-vfprintf_i.o)
 .ARM.attributes
                0x000004c6       0x1c c:/imt_sdk_win_64/winarm/armgcc/bin/../lib/gcc/arm-none-eabi/7.2.1/../../../../arm-none-eabi/lib/thumb/v7e-m\libg_nano.a(lib_a-memchr.o)
 .ARM.attributes
                0x000004e2       0x2e c:/imt_sdk_win_64/winarm/armgcc/bin/../lib/gcc/arm-none-eabi/7.2.1/../../../../arm-none-eabi/lib/thumb/v7e-m\libg_nano.a(lib_a-memcpy-stub.o)
 .ARM.attributes
                0x00000510       0x2e c:/imt_sdk_win_64/winarm/armgcc/bin/../lib/gcc/arm-none-eabi/7.2.1/../../../../arm-none-eabi/lib/thumb/v7e-m\libg_nano.a(lib_a-memmove.o)
 .ARM.attributes
                0x0000053e       0x2e c:/imt_sdk_win_64/winarm/armgcc/bin/../lib/gcc/arm-none-eabi/7.2.1/../../../../arm-none-eabi/lib/thumb/v7e-m\libg_nano.a(lib_a-nano-freer.o)
 .ARM.attributes
                0x0000056c       0x2e c:/imt_sdk_win_64/winarm/armgcc/bin/../lib/gcc/arm-none-eabi/7.2.1/../../../../arm-none-eabi/lib/thumb/v7e-m\libg_nano.a(lib_a-nano-mallocr.o)
 .ARM.attributes
                0x0000059a       0x2e c:/imt_sdk_win_64/winarm/armgcc/bin/../lib/gcc/arm-none-eabi/7.2.1/../../../../arm-none-eabi/lib/thumb/v7e-m\libg_nano.a(lib_a-nano-reallocr.o)
 .ARM.attributes
                0x000005c8       0x2e c:/imt_sdk_win_64/winarm/armgcc/bin/../lib/gcc/arm-none-eabi/7.2.1/../../../../arm-none-eabi/lib/thumb/v7e-m\libg_nano.a(lib_a-sbrkr.o)
 .ARM.attributes
                0x000005f6       0x2e c:/imt_sdk_win_64/winarm/armgcc/bin/../lib/gcc/arm-none-eabi/7.2.1/../../../../arm-none-eabi/lib/thumb/v7e-m\libg_nano.a(lib_a-mlock.o)
 .ARM.attributes
                0x00000624       0x2e c:/imt_sdk_win_64/winarm/armgcc/bin/../lib/gcc/arm-none-eabi/7.2.1/../../../../arm-none-eabi/lib/thumb/v7e-m\libg_nano.a(lib_a-nano-msizer.o)

.debug
 *(.debug)

.line
 *(.line)

.debug_srcinfo
 *(.debug_srcinfo)

.debug_sfnames
 *(.debug_sfnames)

.debug_aranges  0x00000000      0x530
 *(.debug_aranges)
 .debug_aranges
                0x00000000       0xc0 ./system/src/stm32f4-hal/stm32f4xx_hal.o
 .debug_aranges
                0x000000c0       0x98 ./system/src/stm32f4-hal/stm32f4xx_hal_cortex.o
 .debug_aranges
                0x00000158       0x88 ./system/src/stm32f4-hal/stm32f4xx_hal_rcc.o
 .debug_aranges
                0x000001e0       0x28 ./system/src/newlib/_exit.o
 .debug_aranges
                0x00000208       0x20 ./system/src/newlib/_sbrk.o
 .debug_aranges
                0x00000228       0x40 ./system/src/newlib/_startup.o
 .debug_aranges
                0x00000268       0x30 ./system/src/newlib/_syscalls.o
 .debug_aranges
                0x00000298       0x28 ./system/src/newlib/assert.o
 .debug_aranges
                0x000002c0       0x38 ./system/src/diag/Trace.o
 .debug_aranges
                0x000002f8       0x30 ./system/src/diag/trace_impl.o
 .debug_aranges
                0x00000328       0x28 ./system/src/cortexm/_initialize_hardware.o
 .debug_aranges
                0x00000350       0x90 ./system/src/cortexm/exception_handlers.o
 .debug_aranges
                0x000003e0       0x28 ./system/src/cmsis/system_stm32f4xx.o
 .debug_aranges
                0x00000408       0x20 ./system/src/cmsis/vectors_stm32f407xx.o
 .debug_aranges
                0x00000428       0x50 ./src/DIO_program.o
 .debug_aranges
                0x00000478       0x30 ./src/RCC_program.o
 .debug_aranges
                0x000004a8       0x28 ./src/_initialize_hardware.o
 .debug_aranges
                0x000004d0       0x28 ./src/main.o
 .debug_aranges
                0x000004f8       0x38 ./src/stm32f4xx_hal_msp.o

.debug_pubnames
 *(.debug_pubnames)

.debug_info     0x00000000     0xf2f9
 *(.debug_info .gnu.linkonce.wi.*)
 .debug_info    0x00000000     0x10f0 ./system/src/stm32f4-hal/stm32f4xx_hal.o
 .debug_info    0x000010f0     0x18f9 ./system/src/stm32f4-hal/stm32f4xx_hal_cortex.o
 .debug_info    0x000029e9     0x1754 ./system/src/stm32f4-hal/stm32f4xx_hal_rcc.o
 .debug_info    0x0000413d      0x956 ./system/src/newlib/_exit.o
 .debug_info    0x00004a93      0x942 ./system/src/newlib/_sbrk.o
 .debug_info    0x000053d5      0x4bf ./system/src/newlib/_startup.o
 .debug_info    0x00005894      0xa19 ./system/src/newlib/_syscalls.o
 .debug_info    0x000062ad      0x9ff ./system/src/newlib/assert.o
 .debug_info    0x00006cac      0xb2a ./system/src/diag/Trace.o
 .debug_info    0x000077d6      0xb6b ./system/src/diag/trace_impl.o
 .debug_info    0x00008341      0xade ./system/src/cortexm/_initialize_hardware.o
 .debug_info    0x00008e1f     0x115a ./system/src/cortexm/exception_handlers.o
 .debug_info    0x00009f79      0xcd4 ./system/src/cmsis/system_stm32f4xx.o
 .debug_info    0x0000ac4d       0xca ./system/src/cmsis/vectors_stm32f407xx.o
 .debug_info    0x0000ad17      0xc78 ./src/DIO_program.o
 .debug_info    0x0000b98f      0x9b4 ./src/RCC_program.o
 .debug_info    0x0000c343      0xd08 ./src/_initialize_hardware.o
 .debug_info    0x0000d04b     0x199f ./src/main.o
 .debug_info    0x0000e9ea      0x90f ./src/stm32f4xx_hal_msp.o

.debug_abbrev   0x00000000     0x2c7a
 *(.debug_abbrev)
 .debug_abbrev  0x00000000      0x32b ./system/src/stm32f4-hal/stm32f4xx_hal.o
 .debug_abbrev  0x0000032b      0x3f1 ./system/src/stm32f4-hal/stm32f4xx_hal_cortex.o
 .debug_abbrev  0x0000071c      0x394 ./system/src/stm32f4-hal/stm32f4xx_hal_rcc.o
 .debug_abbrev  0x00000ab0      0x1f3 ./system/src/newlib/_exit.o
 .debug_abbrev  0x00000ca3      0x1fc ./system/src/newlib/_sbrk.o
 .debug_abbrev  0x00000e9f      0x1cb ./system/src/newlib/_startup.o
 .debug_abbrev  0x0000106a      0x234 ./system/src/newlib/_syscalls.o
 .debug_abbrev  0x0000129e      0x1f3 ./system/src/newlib/assert.o
 .debug_abbrev  0x00001491      0x276 ./system/src/diag/Trace.o
 .debug_abbrev  0x00001707      0x2ef ./system/src/diag/trace_impl.o
 .debug_abbrev  0x000019f6      0x1de ./system/src/cortexm/_initialize_hardware.o
 .debug_abbrev  0x00001bd4      0x32b ./system/src/cortexm/exception_handlers.o
 .debug_abbrev  0x00001eff      0x216 ./system/src/cmsis/system_stm32f4xx.o
 .debug_abbrev  0x00002115       0x9d ./system/src/cmsis/vectors_stm32f407xx.o
 .debug_abbrev  0x000021b2      0x276 ./src/DIO_program.o
 .debug_abbrev  0x00002428      0x20c ./src/RCC_program.o
 .debug_abbrev  0x00002634      0x22d ./src/_initialize_hardware.o
 .debug_abbrev  0x00002861      0x268 ./src/main.o
 .debug_abbrev  0x00002ac9      0x1b1 ./src/stm32f4xx_hal_msp.o

.debug_line     0x00000000     0x8469
 *(.debug_line)
 .debug_line    0x00000000      0xb80 ./system/src/stm32f4-hal/stm32f4xx_hal.o
 .debug_line    0x00000b80      0xc77 ./system/src/stm32f4-hal/stm32f4xx_hal_cortex.o
 .debug_line    0x000017f7      0xe02 ./system/src/stm32f4-hal/stm32f4xx_hal_rcc.o
 .debug_line    0x000025f9      0x2f7 ./system/src/newlib/_exit.o
 .debug_line    0x000028f0      0x2ab ./system/src/newlib/_sbrk.o
 .debug_line    0x00002b9b      0x373 ./system/src/newlib/_startup.o
 .debug_line    0x00002f0e      0x3ab ./system/src/newlib/_syscalls.o
 .debug_line    0x000032b9      0x332 ./system/src/newlib/assert.o
 .debug_line    0x000035eb      0x373 ./system/src/diag/Trace.o
 .debug_line    0x0000395e      0xab3 ./system/src/diag/trace_impl.o
 .debug_line    0x00004411      0xa1c ./system/src/cortexm/_initialize_hardware.o
 .debug_line    0x00004e2d      0xb6a ./system/src/cortexm/exception_handlers.o
 .debug_line    0x00005997      0xa22 ./system/src/cmsis/system_stm32f4xx.o
 .debug_line    0x000063b9       0xec ./system/src/cmsis/vectors_stm32f407xx.o
 .debug_line    0x000064a5      0x432 ./src/DIO_program.o
 .debug_line    0x000068d7      0x3cc ./src/RCC_program.o
 .debug_line    0x00006ca3      0xa13 ./src/_initialize_hardware.o
 .debug_line    0x000076b6      0x39d ./src/main.o
 .debug_line    0x00007a53      0xa16 ./src/stm32f4xx_hal_msp.o

.debug_frame    0x00000000      0xd28
 *(.debug_frame)
 .debug_frame   0x00000000      0x188 ./system/src/stm32f4-hal/stm32f4xx_hal.o
 .debug_frame   0x00000188      0x17c ./system/src/stm32f4-hal/stm32f4xx_hal_cortex.o
 .debug_frame   0x00000304      0x140 ./system/src/stm32f4-hal/stm32f4xx_hal_rcc.o
 .debug_frame   0x00000444       0x38 ./system/src/newlib/_exit.o
 .debug_frame   0x0000047c       0x28 ./system/src/newlib/_sbrk.o
 .debug_frame   0x000004a4       0x7c ./system/src/newlib/_startup.o
 .debug_frame   0x00000520       0x50 ./system/src/newlib/_syscalls.o
 .debug_frame   0x00000570       0x40 ./system/src/newlib/assert.o
 .debug_frame   0x000005b0       0x94 ./system/src/diag/Trace.o
 .debug_frame   0x00000644       0x64 ./system/src/diag/trace_impl.o
 .debug_frame   0x000006a8       0x40 ./system/src/cortexm/_initialize_hardware.o
 .debug_frame   0x000006e8      0x158 ./system/src/cortexm/exception_handlers.o
 .debug_frame   0x00000840       0x30 ./system/src/cmsis/system_stm32f4xx.o
 .debug_frame   0x00000870       0x20 ./system/src/cmsis/vectors_stm32f407xx.o
 .debug_frame   0x00000890       0xb4 ./src/DIO_program.o
 .debug_frame   0x00000944       0x48 ./src/RCC_program.o
 .debug_frame   0x0000098c       0x48 ./src/_initialize_hardware.o
 .debug_frame   0x000009d4       0x3c ./src/main.o
 .debug_frame   0x00000a10       0x50 ./src/stm32f4xx_hal_msp.o
 .debug_frame   0x00000a60       0x20 c:/imt_sdk_win_64/winarm/armgcc/bin/../lib/gcc/arm-none-eabi/7.2.1/../../../../arm-none-eabi/lib/thumb/v7e-m\libg_nano.a(lib_a-errno.o)
 .debug_frame   0x00000a80       0x4c c:/imt_sdk_win_64/winarm/armgcc/bin/../lib/gcc/arm-none-eabi/7.2.1/../../../../arm-none-eabi/lib/thumb/v7e-m\libg_nano.a(lib_a-vsnprintf.o)
 .debug_frame   0x00000acc       0x90 c:/imt_sdk_win_64/winarm/armgcc/bin/../lib/gcc/arm-none-eabi/7.2.1/../../../../arm-none-eabi/lib/thumb/v7e-m\libg_nano.a(lib_a-nano-svfprintf.o)
 .debug_frame   0x00000b5c       0x60 c:/imt_sdk_win_64/winarm/armgcc/bin/../lib/gcc/arm-none-eabi/7.2.1/../../../../arm-none-eabi/lib/thumb/v7e-m\libg_nano.a(lib_a-nano-vfprintf_i.o)
 .debug_frame   0x00000bbc       0x28 c:/imt_sdk_win_64/winarm/armgcc/bin/../lib/gcc/arm-none-eabi/7.2.1/../../../../arm-none-eabi/lib/thumb/v7e-m\libg_nano.a(lib_a-memcpy-stub.o)
 .debug_frame   0x00000be4       0x28 c:/imt_sdk_win_64/winarm/armgcc/bin/../lib/gcc/arm-none-eabi/7.2.1/../../../../arm-none-eabi/lib/thumb/v7e-m\libg_nano.a(lib_a-memmove.o)
 .debug_frame   0x00000c0c       0x38 c:/imt_sdk_win_64/winarm/armgcc/bin/../lib/gcc/arm-none-eabi/7.2.1/../../../../arm-none-eabi/lib/thumb/v7e-m\libg_nano.a(lib_a-nano-freer.o)
 .debug_frame   0x00000c44       0x2c c:/imt_sdk_win_64/winarm/armgcc/bin/../lib/gcc/arm-none-eabi/7.2.1/../../../../arm-none-eabi/lib/thumb/v7e-m\libg_nano.a(lib_a-nano-mallocr.o)
 .debug_frame   0x00000c70       0x3c c:/imt_sdk_win_64/winarm/armgcc/bin/../lib/gcc/arm-none-eabi/7.2.1/../../../../arm-none-eabi/lib/thumb/v7e-m\libg_nano.a(lib_a-nano-reallocr.o)
 .debug_frame   0x00000cac       0x2c c:/imt_sdk_win_64/winarm/armgcc/bin/../lib/gcc/arm-none-eabi/7.2.1/../../../../arm-none-eabi/lib/thumb/v7e-m\libg_nano.a(lib_a-sbrkr.o)
 .debug_frame   0x00000cd8       0x30 c:/imt_sdk_win_64/winarm/armgcc/bin/../lib/gcc/arm-none-eabi/7.2.1/../../../../arm-none-eabi/lib/thumb/v7e-m\libg_nano.a(lib_a-mlock.o)
 .debug_frame   0x00000d08       0x20 c:/imt_sdk_win_64/winarm/armgcc/bin/../lib/gcc/arm-none-eabi/7.2.1/../../../../arm-none-eabi/lib/thumb/v7e-m\libg_nano.a(lib_a-nano-msizer.o)

.debug_str      0x00000000    0x9f0bc
 *(.debug_str)
 .debug_str     0x00000000    0x97c52 ./system/src/stm32f4-hal/stm32f4xx_hal.o
                              0x98090 (size before relaxing)
 .debug_str     0x00097c52      0x396 ./system/src/stm32f4-hal/stm32f4xx_hal_cortex.o
                              0x97f0c (size before relaxing)
 .debug_str     0x00097fe8      0x3fa ./system/src/stm32f4-hal/stm32f4xx_hal_rcc.o
                              0x97aab (size before relaxing)
 .debug_str     0x000983e2     0x10ff ./system/src/newlib/_exit.o
                               0x7ef8 (size before relaxing)
 .debug_str     0x000994e1      0x4f5 ./system/src/newlib/_sbrk.o
                               0x72aa (size before relaxing)
 .debug_str     0x000999d6      0x2c6 ./system/src/newlib/_startup.o
                               0x6a4b (size before relaxing)
 .debug_str     0x00099c9c      0xe8b ./system/src/newlib/_syscalls.o
                               0x8185 (size before relaxing)
 .debug_str     0x0009ab27       0xd0 ./system/src/newlib/assert.o
                               0x89fd (size before relaxing)
 .debug_str     0x0009abf7      0x176 ./system/src/diag/Trace.o
                               0x8670 (size before relaxing)
 .debug_str     0x0009ad6d      0x37b ./system/src/diag/trace_impl.o
                              0x9883a (size before relaxing)
 .debug_str     0x0009b0e8       0x5e ./system/src/cortexm/_initialize_hardware.o
                              0x975cc (size before relaxing)
 .debug_str     0x0009b146      0x19d ./system/src/cortexm/exception_handlers.o
                              0x989c4 (size before relaxing)
 .debug_str     0x0009b2e3       0x46 ./system/src/cmsis/system_stm32f4xx.o
                              0x9769b (size before relaxing)
 .debug_str     0x0009b329       0x59 ./system/src/cmsis/vectors_stm32f407xx.o
                               0x3888 (size before relaxing)
 .debug_str     0x0009b382      0x6e6 ./src/DIO_program.o
                               0x8c8c (size before relaxing)
 .debug_str     0x0009ba68      0x777 ./src/RCC_program.o
                               0x8d91 (size before relaxing)
 .debug_str     0x0009c1df       0x31 ./src/_initialize_hardware.o
                              0x977b1 (size before relaxing)
 .debug_str     0x0009c210     0x2e6f ./src/main.o
                               0xbc59 (size before relaxing)
 .debug_str     0x0009f07f       0x3d ./src/stm32f4xx_hal_msp.o
                              0x97514 (size before relaxing)

.debug_loc      0x00000000     0x1d91
 *(.debug_loc)
 .debug_loc     0x00000000       0x92 ./system/src/stm32f4-hal/stm32f4xx_hal.o
 .debug_loc     0x00000092      0x73b ./system/src/stm32f4-hal/stm32f4xx_hal_cortex.o
 .debug_loc     0x000007cd      0x50a ./system/src/stm32f4-hal/stm32f4xx_hal_rcc.o
 .debug_loc     0x00000cd7       0x85 ./system/src/newlib/_sbrk.o
 .debug_loc     0x00000d5c      0x2cb ./system/src/newlib/_startup.o
 .debug_loc     0x00001027       0x63 ./system/src/newlib/_syscalls.o
 .debug_loc     0x0000108a      0x134 ./system/src/newlib/assert.o
 .debug_loc     0x000011be       0xf6 ./system/src/diag/Trace.o
 .debug_loc     0x000012b4      0x121 ./system/src/diag/trace_impl.o
 .debug_loc     0x000013d5      0x291 ./system/src/cortexm/exception_handlers.o
 .debug_loc     0x00001666      0x13e ./system/src/cmsis/system_stm32f4xx.o
 .debug_loc     0x000017a4      0x3b9 ./src/DIO_program.o
 .debug_loc     0x00001b5d      0x1ce ./src/RCC_program.o
 .debug_loc     0x00001d2b       0x66 ./src/main.o

.debug_macinfo
 *(.debug_macinfo)

.debug_weaknames
 *(.debug_weaknames)

.debug_funcnames
 *(.debug_funcnames)

.debug_typenames
 *(.debug_typenames)

.debug_varnames
 *(.debug_varnames)
OUTPUT(STM32F407_RCC.elf elf32-littlearm)

.debug_ranges   0x00000000      0x508
 .debug_ranges  0x00000000       0xb0 ./system/src/stm32f4-hal/stm32f4xx_hal.o
 .debug_ranges  0x000000b0       0xe8 ./system/src/stm32f4-hal/stm32f4xx_hal_cortex.o
 .debug_ranges  0x00000198       0x78 ./system/src/stm32f4-hal/stm32f4xx_hal_rcc.o
 .debug_ranges  0x00000210       0x18 ./system/src/newlib/_exit.o
 .debug_ranges  0x00000228       0x10 ./system/src/newlib/_sbrk.o
 .debug_ranges  0x00000238       0x90 ./system/src/newlib/_startup.o
 .debug_ranges  0x000002c8       0x20 ./system/src/newlib/_syscalls.o
 .debug_ranges  0x000002e8       0x18 ./system/src/newlib/assert.o
 .debug_ranges  0x00000300       0x28 ./system/src/diag/Trace.o
 .debug_ranges  0x00000328       0x50 ./system/src/diag/trace_impl.o
 .debug_ranges  0x00000378       0x18 ./system/src/cortexm/_initialize_hardware.o
 .debug_ranges  0x00000390       0x80 ./system/src/cortexm/exception_handlers.o
 .debug_ranges  0x00000410       0x18 ./system/src/cmsis/system_stm32f4xx.o
 .debug_ranges  0x00000428       0x10 ./system/src/cmsis/vectors_stm32f407xx.o
 .debug_ranges  0x00000438       0x40 ./src/DIO_program.o
 .debug_ranges  0x00000478       0x20 ./src/RCC_program.o
 .debug_ranges  0x00000498       0x18 ./src/_initialize_hardware.o
 .debug_ranges  0x000004b0       0x30 ./src/main.o
 .debug_ranges  0x000004e0       0x28 ./src/stm32f4xx_hal_msp.o

.debug_macro    0x00000000    0x1bdb2
 .debug_macro   0x00000000      0x558 ./system/src/stm32f4-hal/stm32f4xx_hal.o
 .debug_macro   0x00000558      0xa6c ./system/src/stm32f4-hal/stm32f4xx_hal.o
 .debug_macro   0x00000fc4      0x289 ./system/src/stm32f4-hal/stm32f4xx_hal.o
 .debug_macro   0x0000124d       0x31 ./system/src/stm32f4-hal/stm32f4xx_hal.o
 .debug_macro   0x0000127e       0x28 ./system/src/stm32f4-hal/stm32f4xx_hal.o
 .debug_macro   0x000012a6      0x34e ./system/src/stm32f4-hal/stm32f4xx_hal.o
 .debug_macro   0x000015f4       0x35 ./system/src/stm32f4-hal/stm32f4xx_hal.o
 .debug_macro   0x00001629       0x50 ./system/src/stm32f4-hal/stm32f4xx_hal.o
 .debug_macro   0x00001679      0xe66 ./system/src/stm32f4-hal/stm32f4xx_hal.o
 .debug_macro   0x000024df     0x93f9 ./system/src/stm32f4-hal/stm32f4xx_hal.o
 .debug_macro   0x0000b8d8       0x43 ./system/src/stm32f4-hal/stm32f4xx_hal.o
 .debug_macro   0x0000b91b     0x347f ./system/src/stm32f4-hal/stm32f4xx_hal.o
 .debug_macro   0x0000ed9a       0x22 ./system/src/stm32f4-hal/stm32f4xx_hal.o
 .debug_macro   0x0000edbc       0x52 ./system/src/stm32f4-hal/stm32f4xx_hal.o
 .debug_macro   0x0000ee0e       0x17 ./system/src/stm32f4-hal/stm32f4xx_hal.o
 .debug_macro   0x0000ee25       0x8d ./system/src/stm32f4-hal/stm32f4xx_hal.o
 .debug_macro   0x0000eeb2       0x35 ./system/src/stm32f4-hal/stm32f4xx_hal.o
 .debug_macro   0x0000eee7       0x9c ./system/src/stm32f4-hal/stm32f4xx_hal.o
 .debug_macro   0x0000ef83       0x16 ./system/src/stm32f4-hal/stm32f4xx_hal.o
 .debug_macro   0x0000ef99       0x57 ./system/src/stm32f4-hal/stm32f4xx_hal.o
 .debug_macro   0x0000eff0       0x97 ./system/src/stm32f4-hal/stm32f4xx_hal.o
 .debug_macro   0x0000f087      0x330 ./system/src/stm32f4-hal/stm32f4xx_hal.o
 .debug_macro   0x0000f3b7       0xfd ./system/src/stm32f4-hal/stm32f4xx_hal.o
 .debug_macro   0x0000f4b4       0x10 ./system/src/stm32f4-hal/stm32f4xx_hal.o
 .debug_macro   0x0000f4c4       0x58 ./system/src/stm32f4-hal/stm32f4xx_hal.o
 .debug_macro   0x0000f51c       0x1f ./system/src/stm32f4-hal/stm32f4xx_hal.o
 .debug_macro   0x0000f53b       0x43 ./system/src/stm32f4-hal/stm32f4xx_hal.o
 .debug_macro   0x0000f57e       0x20 ./system/src/stm32f4-hal/stm32f4xx_hal.o
 .debug_macro   0x0000f59e      0x18e ./system/src/stm32f4-hal/stm32f4xx_hal.o
 .debug_macro   0x0000f72c       0x10 ./system/src/stm32f4-hal/stm32f4xx_hal.o
 .debug_macro   0x0000f73c       0x6a ./system/src/stm32f4-hal/stm32f4xx_hal.o
 .debug_macro   0x0000f7a6       0x1c ./system/src/stm32f4-hal/stm32f4xx_hal.o
 .debug_macro   0x0000f7c2       0x52 ./system/src/stm32f4-hal/stm32f4xx_hal.o
 .debug_macro   0x0000f814       0x40 ./system/src/stm32f4-hal/stm32f4xx_hal.o
 .debug_macro   0x0000f854       0x10 ./system/src/stm32f4-hal/stm32f4xx_hal.o
 .debug_macro   0x0000f864       0x40 ./system/src/stm32f4-hal/stm32f4xx_hal.o
 .debug_macro   0x0000f8a4       0xd7 ./system/src/stm32f4-hal/stm32f4xx_hal.o
 .debug_macro   0x0000f97b       0x1c ./system/src/stm32f4-hal/stm32f4xx_hal.o
 .debug_macro   0x0000f997       0x3d ./system/src/stm32f4-hal/stm32f4xx_hal.o
 .debug_macro   0x0000f9d4       0x16 ./system/src/stm32f4-hal/stm32f4xx_hal.o
 .debug_macro   0x0000f9ea      0x16f ./system/src/stm32f4-hal/stm32f4xx_hal.o
 .debug_macro   0x0000fb59       0x57 ./system/src/stm32f4-hal/stm32f4xx_hal.o
 .debug_macro   0x0000fbb0      0x964 ./system/src/stm32f4-hal/stm32f4xx_hal.o
 .debug_macro   0x00010514      0x9e1 ./system/src/stm32f4-hal/stm32f4xx_hal.o
 .debug_macro   0x00010ef5      0x11e ./system/src/stm32f4-hal/stm32f4xx_hal.o
 .debug_macro   0x00011013      0x13e ./system/src/stm32f4-hal/stm32f4xx_hal.o
 .debug_macro   0x00011151       0x27 ./system/src/stm32f4-hal/stm32f4xx_hal.o
 .debug_macro   0x00011178      0x287 ./system/src/stm32f4-hal/stm32f4xx_hal.o
 .debug_macro   0x000113ff       0x5f ./system/src/stm32f4-hal/stm32f4xx_hal.o
 .debug_macro   0x0001145e      0x23a ./system/src/stm32f4-hal/stm32f4xx_hal.o
 .debug_macro   0x00011698      0x391 ./system/src/stm32f4-hal/stm32f4xx_hal.o
 .debug_macro   0x00011a29      0x16f ./system/src/stm32f4-hal/stm32f4xx_hal.o
 .debug_macro   0x00011b98       0xf9 ./system/src/stm32f4-hal/stm32f4xx_hal.o
 .debug_macro   0x00011c91      0x36e ./system/src/stm32f4-hal/stm32f4xx_hal.o
 .debug_macro   0x00011fff       0x23 ./system/src/stm32f4-hal/stm32f4xx_hal.o
 .debug_macro   0x00012022       0xe6 ./system/src/stm32f4-hal/stm32f4xx_hal.o
 .debug_macro   0x00012108       0xa1 ./system/src/stm32f4-hal/stm32f4xx_hal.o
 .debug_macro   0x000121a9       0x3c ./system/src/stm32f4-hal/stm32f4xx_hal.o
 .debug_macro   0x000121e5       0x1f ./system/src/stm32f4-hal/stm32f4xx_hal.o
 .debug_macro   0x00012204      0x1cd ./system/src/stm32f4-hal/stm32f4xx_hal.o
 .debug_macro   0x000123d1      0xcd6 ./system/src/stm32f4-hal/stm32f4xx_hal.o
 .debug_macro   0x000130a7      0x13a ./system/src/stm32f4-hal/stm32f4xx_hal.o
 .debug_macro   0x000131e1      0x21e ./system/src/stm32f4-hal/stm32f4xx_hal.o
 .debug_macro   0x000133ff       0x2e ./system/src/stm32f4-hal/stm32f4xx_hal.o
 .debug_macro   0x0001342d      0x543 ./system/src/stm32f4-hal/stm32f4xx_hal.o
 .debug_macro   0x00013970       0x88 ./system/src/stm32f4-hal/stm32f4xx_hal.o
 .debug_macro   0x000139f8       0xd5 ./system/src/stm32f4-hal/stm32f4xx_hal.o
 .debug_macro   0x00013acd      0x183 ./system/src/stm32f4-hal/stm32f4xx_hal.o
 .debug_macro   0x00013c50      0x1a7 ./system/src/stm32f4-hal/stm32f4xx_hal.o
 .debug_macro   0x00013df7       0xa5 ./system/src/stm32f4-hal/stm32f4xx_hal.o
 .debug_macro   0x00013e9c      0x18b ./system/src/stm32f4-hal/stm32f4xx_hal.o
 .debug_macro   0x00014027       0x24 ./system/src/stm32f4-hal/stm32f4xx_hal.o
 .debug_macro   0x0001404b       0x35 ./system/src/stm32f4-hal/stm32f4xx_hal.o
 .debug_macro   0x00014080       0x79 ./system/src/stm32f4-hal/stm32f4xx_hal.o
 .debug_macro   0x000140f9      0x11e ./system/src/stm32f4-hal/stm32f4xx_hal.o
 .debug_macro   0x00014217       0x7f ./system/src/stm32f4-hal/stm32f4xx_hal.o
 .debug_macro   0x00014296       0x89 ./system/src/stm32f4-hal/stm32f4xx_hal.o
 .debug_macro   0x0001431f       0x7e ./system/src/stm32f4-hal/stm32f4xx_hal.o
 .debug_macro   0x0001439d      0x31a ./system/src/stm32f4-hal/stm32f4xx_hal.o
 .debug_macro   0x000146b7      0x409 ./system/src/stm32f4-hal/stm32f4xx_hal.o
 .debug_macro   0x00014ac0       0xe4 ./system/src/stm32f4-hal/stm32f4xx_hal.o
 .debug_macro   0x00014ba4      0x48d ./system/src/stm32f4-hal/stm32f4xx_hal.o
 .debug_macro   0x00015031      0x22b ./system/src/stm32f4-hal/stm32f4xx_hal.o
 .debug_macro   0x0001525c      0x202 ./system/src/stm32f4-hal/stm32f4xx_hal.o
 .debug_macro   0x0001545e      0x6d9 ./system/src/stm32f4-hal/stm32f4xx_hal.o
 .debug_macro   0x00015b37       0x5b ./system/src/stm32f4-hal/stm32f4xx_hal.o
 .debug_macro   0x00015b92      0x14d ./system/src/stm32f4-hal/stm32f4xx_hal.o
 .debug_macro   0x00015cdf      0x287 ./system/src/stm32f4-hal/stm32f4xx_hal.o
 .debug_macro   0x00015f66      0x225 ./system/src/stm32f4-hal/stm32f4xx_hal.o
 .debug_macro   0x0001618b      0x1b5 ./system/src/stm32f4-hal/stm32f4xx_hal.o
 .debug_macro   0x00016340      0x2db ./system/src/stm32f4-hal/stm32f4xx_hal.o
 .debug_macro   0x0001661b       0x89 ./system/src/stm32f4-hal/stm32f4xx_hal.o
 .debug_macro   0x000166a4      0x1df ./system/src/stm32f4-hal/stm32f4xx_hal.o
 .debug_macro   0x00016883      0x115 ./system/src/stm32f4-hal/stm32f4xx_hal.o
 .debug_macro   0x00016998       0x6e ./system/src/stm32f4-hal/stm32f4xx_hal.o
 .debug_macro   0x00016a06      0x125 ./system/src/stm32f4-hal/stm32f4xx_hal.o
 .debug_macro   0x00016b2b      0x50a ./system/src/stm32f4-hal/stm32f4xx_hal_cortex.o
 .debug_macro   0x00017035      0x534 ./system/src/stm32f4-hal/stm32f4xx_hal_rcc.o
 .debug_macro   0x00017569      0x1b4 ./system/src/newlib/_exit.o
 .debug_macro   0x0001771d      0x10e ./system/src/newlib/_exit.o
 .debug_macro   0x0001782b       0x8d ./system/src/newlib/_exit.o
 .debug_macro   0x000178b8       0x35 ./system/src/newlib/_exit.o
 .debug_macro   0x000178ed      0x169 ./system/src/newlib/_sbrk.o
 .debug_macro   0x00017a56      0x174 ./system/src/newlib/_sbrk.o
 .debug_macro   0x00017bca       0x10 ./system/src/newlib/_sbrk.o
 .debug_macro   0x00017bda      0x23b ./system/src/newlib/_sbrk.o
 .debug_macro   0x00017e15      0x173 ./system/src/newlib/_startup.o
 .debug_macro   0x00017f88      0xa72 ./system/src/newlib/_startup.o
 .debug_macro   0x000189fa      0x217 ./system/src/newlib/_syscalls.o
 .debug_macro   0x00018c11       0x1c ./system/src/newlib/_syscalls.o
 .debug_macro   0x00018c2d       0x10 ./system/src/newlib/_syscalls.o
 .debug_macro   0x00018c3d       0x10 ./system/src/newlib/_syscalls.o
 .debug_macro   0x00018c4d       0x10 ./system/src/newlib/_syscalls.o
 .debug_macro   0x00018c5d       0x35 ./system/src/newlib/_syscalls.o
 .debug_macro   0x00018c92      0x122 ./system/src/newlib/_syscalls.o
 .debug_macro   0x00018db4       0x88 ./system/src/newlib/_syscalls.o
 .debug_macro   0x00018e3c       0x2b ./system/src/newlib/_syscalls.o
 .debug_macro   0x00018e67      0x118 ./system/src/newlib/_syscalls.o
 .debug_macro   0x00018f7f      0x189 ./system/src/newlib/_syscalls.o
 .debug_macro   0x00019108       0x16 ./system/src/newlib/_syscalls.o
 .debug_macro   0x0001911e      0x1d0 ./system/src/newlib/assert.o
 .debug_macro   0x000192ee       0x1c ./system/src/newlib/assert.o
 .debug_macro   0x0001930a      0x1fb ./system/src/diag/Trace.o
 .debug_macro   0x00019505       0x4c ./system/src/diag/Trace.o
 .debug_macro   0x00019551       0x16 ./system/src/diag/Trace.o
 .debug_macro   0x00019567      0x550 ./system/src/diag/trace_impl.o
 .debug_macro   0x00019ab7       0x22 ./system/src/diag/trace_impl.o
 .debug_macro   0x00019ad9      0x514 ./system/src/cortexm/_initialize_hardware.o
 .debug_macro   0x00019fed      0x57d ./system/src/cortexm/exception_handlers.o
 .debug_macro   0x0001a56a       0x3b ./system/src/cortexm/exception_handlers.o
 .debug_macro   0x0001a5a5      0x510 ./system/src/cmsis/system_stm32f4xx.o
 .debug_macro   0x0001aab5       0x34 ./system/src/cmsis/vectors_stm32f407xx.o
 .debug_macro   0x0001aae9      0x22f ./src/DIO_program.o
 .debug_macro   0x0001ad18       0x22 ./src/DIO_program.o
 .debug_macro   0x0001ad3a       0xd6 ./src/DIO_program.o
 .debug_macro   0x0001ae10      0x21e ./src/RCC_program.o
 .debug_macro   0x0001b02e       0xb2 ./src/RCC_program.o
 .debug_macro   0x0001b0e0       0x9a ./src/RCC_program.o
 .debug_macro   0x0001b17a      0x50a ./src/_initialize_hardware.o
 .debug_macro   0x0001b684      0x224 ./src/main.o
 .debug_macro   0x0001b8a8      0x50a ./src/stm32f4xx_hal_msp.o
